--------------------------------------------------------------------------------
Release 14.7 Trace  (nt)
Copyright (c) 1995-2013 Xilinx, Inc.  All rights reserved.

C:\Xilinx\14.7\ISE_DS\ISE\bin\nt\unwrapped\trce.exe -intstyle ise -v 3 -s 3 -n
3 -fastpaths -xml alu.twx alu.ncd -o alu.twr alu.pcf

Design file:              alu.ncd
Physical constraint file: alu.pcf
Device,package,speed:     xc6slx45,csg324,C,-3 (PRODUCTION 1.23 2013-10-13)
Report level:             verbose report

Environment Variable      Effect 
--------------------      ------ 
NONE                      No environment variables were set
--------------------------------------------------------------------------------

INFO:Timing:2698 - No timing constraints found, doing default enumeration.
INFO:Timing:3412 - To improve timing, see the Timing Closure User Guide (UG612).
INFO:Timing:2752 - To get complete path coverage, use the unconstrained paths 
   option. All paths that are not constrained will be reported in the 
   unconstrained paths section(s) of the report.
INFO:Timing:3339 - The clock-to-out numbers in this timing report are based on 
   a 50 Ohm transmission line loading model.  For the details of this model, 
   and for more information on accounting for different loading conditions, 
   please see the device datasheet.



Data Sheet report:
-----------------
All values displayed in nanoseconds (ns)

Pad to Pad
---------------+---------------+---------+
Source Pad     |Destination Pad|  Delay  |
---------------+---------------+---------+
X<0>           |Z<0>           |   23.006|
X<0>           |Z<1>           |   11.589|
X<0>           |Z<2>           |   13.052|
X<0>           |Z<3>           |   13.848|
X<0>           |Z<4>           |   14.167|
X<0>           |Z<5>           |   15.196|
X<0>           |Z<6>           |   14.337|
X<0>           |Z<7>           |   15.421|
X<0>           |Z<8>           |   15.375|
X<0>           |Z<9>           |   17.610|
X<0>           |Z<10>          |   17.079|
X<0>           |Z<11>          |   17.502|
X<0>           |Z<12>          |   17.171|
X<0>           |Z<13>          |   18.116|
X<0>           |Z<14>          |   18.520|
X<0>           |Z<15>          |   19.808|
X<0>           |Z<16>          |   19.041|
X<0>           |Z<17>          |   18.538|
X<0>           |Z<18>          |   19.246|
X<0>           |Z<19>          |   20.869|
X<0>           |Z<20>          |   19.539|
X<0>           |Z<21>          |   21.260|
X<0>           |Z<22>          |   20.421|
X<0>           |Z<23>          |   21.788|
X<0>           |Z<24>          |   21.266|
X<0>           |Z<25>          |   22.323|
X<0>           |Z<26>          |   22.593|
X<0>           |Z<27>          |   23.805|
X<0>           |Z<28>          |   23.787|
X<0>           |Z<29>          |   24.153|
X<0>           |Z<30>          |   25.907|
X<0>           |Z<31>          |   25.632|
X<0>           |equal          |   11.699|
X<0>           |overflow       |   22.276|
X<0>           |zero           |   24.584|
X<1>           |Z<0>           |   23.403|
X<1>           |Z<1>           |   14.033|
X<1>           |Z<2>           |   12.707|
X<1>           |Z<3>           |   13.503|
X<1>           |Z<4>           |   14.564|
X<1>           |Z<5>           |   15.593|
X<1>           |Z<6>           |   14.734|
X<1>           |Z<7>           |   15.818|
X<1>           |Z<8>           |   15.772|
X<1>           |Z<9>           |   18.007|
X<1>           |Z<10>          |   17.476|
X<1>           |Z<11>          |   17.899|
X<1>           |Z<12>          |   17.568|
X<1>           |Z<13>          |   18.513|
X<1>           |Z<14>          |   18.917|
X<1>           |Z<15>          |   20.205|
X<1>           |Z<16>          |   19.438|
X<1>           |Z<17>          |   18.935|
X<1>           |Z<18>          |   19.643|
X<1>           |Z<19>          |   21.266|
X<1>           |Z<20>          |   19.936|
X<1>           |Z<21>          |   21.657|
X<1>           |Z<22>          |   20.818|
X<1>           |Z<23>          |   22.185|
X<1>           |Z<24>          |   21.663|
X<1>           |Z<25>          |   22.720|
X<1>           |Z<26>          |   22.990|
X<1>           |Z<27>          |   24.202|
X<1>           |Z<28>          |   24.184|
X<1>           |Z<29>          |   24.550|
X<1>           |Z<30>          |   26.304|
X<1>           |Z<31>          |   26.029|
X<1>           |equal          |   11.450|
X<1>           |overflow       |   22.673|
X<1>           |zero           |   24.981|
X<2>           |Z<0>           |   23.731|
X<2>           |Z<1>           |   12.491|
X<2>           |Z<2>           |   13.503|
X<2>           |Z<3>           |   13.764|
X<2>           |Z<4>           |   14.892|
X<2>           |Z<5>           |   15.921|
X<2>           |Z<6>           |   15.062|
X<2>           |Z<7>           |   16.146|
X<2>           |Z<8>           |   16.100|
X<2>           |Z<9>           |   18.335|
X<2>           |Z<10>          |   17.804|
X<2>           |Z<11>          |   18.227|
X<2>           |Z<12>          |   17.896|
X<2>           |Z<13>          |   18.841|
X<2>           |Z<14>          |   19.245|
X<2>           |Z<15>          |   20.533|
X<2>           |Z<16>          |   19.766|
X<2>           |Z<17>          |   19.263|
X<2>           |Z<18>          |   19.971|
X<2>           |Z<19>          |   21.594|
X<2>           |Z<20>          |   20.264|
X<2>           |Z<21>          |   21.985|
X<2>           |Z<22>          |   21.146|
X<2>           |Z<23>          |   22.513|
X<2>           |Z<24>          |   21.991|
X<2>           |Z<25>          |   23.048|
X<2>           |Z<26>          |   23.318|
X<2>           |Z<27>          |   24.530|
X<2>           |Z<28>          |   24.512|
X<2>           |Z<29>          |   24.878|
X<2>           |Z<30>          |   26.632|
X<2>           |Z<31>          |   26.357|
X<2>           |equal          |   11.918|
X<2>           |overflow       |   23.001|
X<2>           |zero           |   25.309|
X<3>           |Z<0>           |   24.110|
X<3>           |Z<1>           |   12.725|
X<3>           |Z<2>           |   14.052|
X<3>           |Z<3>           |   14.524|
X<3>           |Z<4>           |   15.271|
X<3>           |Z<5>           |   16.300|
X<3>           |Z<6>           |   15.441|
X<3>           |Z<7>           |   16.525|
X<3>           |Z<8>           |   16.479|
X<3>           |Z<9>           |   18.714|
X<3>           |Z<10>          |   18.183|
X<3>           |Z<11>          |   18.606|
X<3>           |Z<12>          |   18.275|
X<3>           |Z<13>          |   19.220|
X<3>           |Z<14>          |   19.624|
X<3>           |Z<15>          |   20.912|
X<3>           |Z<16>          |   20.145|
X<3>           |Z<17>          |   19.642|
X<3>           |Z<18>          |   20.350|
X<3>           |Z<19>          |   21.973|
X<3>           |Z<20>          |   20.643|
X<3>           |Z<21>          |   22.364|
X<3>           |Z<22>          |   21.525|
X<3>           |Z<23>          |   22.892|
X<3>           |Z<24>          |   22.370|
X<3>           |Z<25>          |   23.427|
X<3>           |Z<26>          |   23.697|
X<3>           |Z<27>          |   24.909|
X<3>           |Z<28>          |   24.891|
X<3>           |Z<29>          |   25.257|
X<3>           |Z<30>          |   27.011|
X<3>           |Z<31>          |   26.736|
X<3>           |equal          |   13.382|
X<3>           |overflow       |   23.380|
X<3>           |zero           |   25.688|
X<4>           |Z<0>           |   22.044|
X<4>           |Z<1>           |   14.443|
X<4>           |Z<2>           |   13.089|
X<4>           |Z<3>           |   14.593|
X<4>           |Z<4>           |   14.338|
X<4>           |Z<5>           |   13.257|
X<4>           |Z<6>           |   12.675|
X<4>           |Z<7>           |   13.759|
X<4>           |Z<8>           |   14.413|
X<4>           |Z<9>           |   16.648|
X<4>           |Z<10>          |   16.117|
X<4>           |Z<11>          |   16.540|
X<4>           |Z<12>          |   16.209|
X<4>           |Z<13>          |   17.154|
X<4>           |Z<14>          |   17.558|
X<4>           |Z<15>          |   18.846|
X<4>           |Z<16>          |   18.079|
X<4>           |Z<17>          |   17.576|
X<4>           |Z<18>          |   18.284|
X<4>           |Z<19>          |   19.907|
X<4>           |Z<20>          |   18.577|
X<4>           |Z<21>          |   20.298|
X<4>           |Z<22>          |   19.459|
X<4>           |Z<23>          |   20.826|
X<4>           |Z<24>          |   20.304|
X<4>           |Z<25>          |   21.361|
X<4>           |Z<26>          |   21.631|
X<4>           |Z<27>          |   22.843|
X<4>           |Z<28>          |   22.825|
X<4>           |Z<29>          |   23.191|
X<4>           |Z<30>          |   24.945|
X<4>           |Z<31>          |   24.670|
X<4>           |equal          |   12.007|
X<4>           |overflow       |   21.314|
X<4>           |zero           |   23.622|
X<5>           |Z<0>           |   21.545|
X<5>           |Z<1>           |   14.452|
X<5>           |Z<2>           |   13.318|
X<5>           |Z<3>           |   14.360|
X<5>           |Z<4>           |   14.875|
X<5>           |Z<5>           |   13.955|
X<5>           |Z<6>           |   12.981|
X<5>           |Z<7>           |   14.065|
X<5>           |Z<8>           |   13.914|
X<5>           |Z<9>           |   16.149|
X<5>           |Z<10>          |   15.618|
X<5>           |Z<11>          |   16.041|
X<5>           |Z<12>          |   15.710|
X<5>           |Z<13>          |   16.655|
X<5>           |Z<14>          |   17.059|
X<5>           |Z<15>          |   18.347|
X<5>           |Z<16>          |   17.580|
X<5>           |Z<17>          |   17.077|
X<5>           |Z<18>          |   17.785|
X<5>           |Z<19>          |   19.408|
X<5>           |Z<20>          |   18.078|
X<5>           |Z<21>          |   19.799|
X<5>           |Z<22>          |   18.960|
X<5>           |Z<23>          |   20.327|
X<5>           |Z<24>          |   19.805|
X<5>           |Z<25>          |   20.862|
X<5>           |Z<26>          |   21.132|
X<5>           |Z<27>          |   22.344|
X<5>           |Z<28>          |   22.326|
X<5>           |Z<29>          |   22.692|
X<5>           |Z<30>          |   24.446|
X<5>           |Z<31>          |   24.171|
X<5>           |equal          |   11.807|
X<5>           |overflow       |   20.815|
X<5>           |zero           |   23.123|
X<6>           |Z<0>           |   20.341|
X<6>           |Z<1>           |   13.657|
X<6>           |Z<2>           |   12.943|
X<6>           |Z<3>           |   13.992|
X<6>           |Z<4>           |   14.173|
X<6>           |Z<5>           |   13.812|
X<6>           |Z<6>           |   13.211|
X<6>           |Z<7>           |   12.382|
X<6>           |Z<8>           |   12.710|
X<6>           |Z<9>           |   14.945|
X<6>           |Z<10>          |   14.414|
X<6>           |Z<11>          |   14.837|
X<6>           |Z<12>          |   14.506|
X<6>           |Z<13>          |   15.451|
X<6>           |Z<14>          |   15.855|
X<6>           |Z<15>          |   17.143|
X<6>           |Z<16>          |   16.376|
X<6>           |Z<17>          |   15.873|
X<6>           |Z<18>          |   16.581|
X<6>           |Z<19>          |   18.204|
X<6>           |Z<20>          |   16.874|
X<6>           |Z<21>          |   18.595|
X<6>           |Z<22>          |   17.756|
X<6>           |Z<23>          |   19.123|
X<6>           |Z<24>          |   18.601|
X<6>           |Z<25>          |   19.658|
X<6>           |Z<26>          |   19.928|
X<6>           |Z<27>          |   21.140|
X<6>           |Z<28>          |   21.122|
X<6>           |Z<29>          |   21.488|
X<6>           |Z<30>          |   23.242|
X<6>           |Z<31>          |   22.967|
X<6>           |equal          |   12.146|
X<6>           |overflow       |   19.611|
X<6>           |zero           |   21.919|
X<7>           |Z<0>           |   20.399|
X<7>           |Z<1>           |   13.086|
X<7>           |Z<2>           |   13.301|
X<7>           |Z<3>           |   13.713|
X<7>           |Z<4>           |   13.905|
X<7>           |Z<5>           |   13.516|
X<7>           |Z<6>           |   13.689|
X<7>           |Z<7>           |   14.165|
X<7>           |Z<8>           |   12.768|
X<7>           |Z<9>           |   15.003|
X<7>           |Z<10>          |   14.472|
X<7>           |Z<11>          |   14.895|
X<7>           |Z<12>          |   14.564|
X<7>           |Z<13>          |   15.509|
X<7>           |Z<14>          |   15.913|
X<7>           |Z<15>          |   17.201|
X<7>           |Z<16>          |   16.434|
X<7>           |Z<17>          |   15.931|
X<7>           |Z<18>          |   16.639|
X<7>           |Z<19>          |   18.262|
X<7>           |Z<20>          |   16.932|
X<7>           |Z<21>          |   18.653|
X<7>           |Z<22>          |   17.814|
X<7>           |Z<23>          |   19.181|
X<7>           |Z<24>          |   18.659|
X<7>           |Z<25>          |   19.716|
X<7>           |Z<26>          |   19.986|
X<7>           |Z<27>          |   21.198|
X<7>           |Z<28>          |   21.180|
X<7>           |Z<29>          |   21.546|
X<7>           |Z<30>          |   23.300|
X<7>           |Z<31>          |   23.025|
X<7>           |equal          |   12.154|
X<7>           |overflow       |   19.669|
X<7>           |zero           |   21.977|
X<8>           |Z<0>           |   21.386|
X<8>           |Z<1>           |   12.347|
X<8>           |Z<2>           |   12.654|
X<8>           |Z<3>           |   13.290|
X<8>           |Z<4>           |   13.228|
X<8>           |Z<5>           |   12.904|
X<8>           |Z<6>           |   12.965|
X<8>           |Z<7>           |   14.239|
X<8>           |Z<8>           |   15.598|
X<8>           |Z<9>           |   14.604|
X<8>           |Z<10>          |   14.099|
X<8>           |Z<11>          |   14.522|
X<8>           |Z<12>          |   15.551|
X<8>           |Z<13>          |   16.496|
X<8>           |Z<14>          |   16.900|
X<8>           |Z<15>          |   18.188|
X<8>           |Z<16>          |   17.421|
X<8>           |Z<17>          |   16.918|
X<8>           |Z<18>          |   17.626|
X<8>           |Z<19>          |   19.249|
X<8>           |Z<20>          |   17.919|
X<8>           |Z<21>          |   19.640|
X<8>           |Z<22>          |   18.801|
X<8>           |Z<23>          |   20.168|
X<8>           |Z<24>          |   19.646|
X<8>           |Z<25>          |   20.703|
X<8>           |Z<26>          |   20.973|
X<8>           |Z<27>          |   22.185|
X<8>           |Z<28>          |   22.167|
X<8>           |Z<29>          |   22.533|
X<8>           |Z<30>          |   24.287|
X<8>           |Z<31>          |   24.012|
X<8>           |equal          |   12.845|
X<8>           |overflow       |   20.656|
X<8>           |zero           |   22.964|
X<9>           |Z<0>           |   20.365|
X<9>           |Z<1>           |   13.590|
X<9>           |Z<2>           |   12.831|
X<9>           |Z<3>           |   14.065|
X<9>           |Z<4>           |   14.303|
X<9>           |Z<5>           |   12.784|
X<9>           |Z<6>           |   12.882|
X<9>           |Z<7>           |   14.253|
X<9>           |Z<8>           |   15.680|
X<9>           |Z<9>           |   14.710|
X<9>           |Z<10>          |   12.705|
X<9>           |Z<11>          |   13.128|
X<9>           |Z<12>          |   14.530|
X<9>           |Z<13>          |   15.475|
X<9>           |Z<14>          |   15.879|
X<9>           |Z<15>          |   17.167|
X<9>           |Z<16>          |   16.400|
X<9>           |Z<17>          |   15.897|
X<9>           |Z<18>          |   16.605|
X<9>           |Z<19>          |   18.228|
X<9>           |Z<20>          |   16.898|
X<9>           |Z<21>          |   18.619|
X<9>           |Z<22>          |   17.780|
X<9>           |Z<23>          |   19.147|
X<9>           |Z<24>          |   18.625|
X<9>           |Z<25>          |   19.682|
X<9>           |Z<26>          |   19.952|
X<9>           |Z<27>          |   21.164|
X<9>           |Z<28>          |   21.146|
X<9>           |Z<29>          |   21.512|
X<9>           |Z<30>          |   23.266|
X<9>           |Z<31>          |   22.991|
X<9>           |equal          |   12.410|
X<9>           |overflow       |   19.635|
X<9>           |zero           |   21.943|
X<10>          |Z<0>           |   18.825|
X<10>          |Z<1>           |   14.327|
X<10>          |Z<2>           |   13.396|
X<10>          |Z<3>           |   14.303|
X<10>          |Z<4>           |   14.373|
X<10>          |Z<5>           |   14.058|
X<10>          |Z<6>           |   12.890|
X<10>          |Z<7>           |   14.038|
X<10>          |Z<8>           |   16.208|
X<10>          |Z<9>           |   13.694|
X<10>          |Z<10>          |   14.524|
X<10>          |Z<11>          |   12.967|
X<10>          |Z<12>          |   12.990|
X<10>          |Z<13>          |   13.935|
X<10>          |Z<14>          |   14.339|
X<10>          |Z<15>          |   15.627|
X<10>          |Z<16>          |   14.860|
X<10>          |Z<17>          |   14.357|
X<10>          |Z<18>          |   15.065|
X<10>          |Z<19>          |   16.688|
X<10>          |Z<20>          |   15.358|
X<10>          |Z<21>          |   17.079|
X<10>          |Z<22>          |   16.240|
X<10>          |Z<23>          |   17.607|
X<10>          |Z<24>          |   17.085|
X<10>          |Z<25>          |   18.142|
X<10>          |Z<26>          |   18.412|
X<10>          |Z<27>          |   19.624|
X<10>          |Z<28>          |   19.606|
X<10>          |Z<29>          |   19.972|
X<10>          |Z<30>          |   21.726|
X<10>          |Z<31>          |   21.451|
X<10>          |equal          |   12.917|
X<10>          |overflow       |   18.095|
X<10>          |zero           |   20.403|
X<11>          |Z<0>           |   18.439|
X<11>          |Z<1>           |   12.756|
X<11>          |Z<2>           |   12.554|
X<11>          |Z<3>           |   13.207|
X<11>          |Z<4>           |   13.319|
X<11>          |Z<5>           |   12.800|
X<11>          |Z<6>           |   12.950|
X<11>          |Z<7>           |   13.316|
X<11>          |Z<8>           |   15.369|
X<11>          |Z<9>           |   13.596|
X<11>          |Z<10>          |   14.191|
X<11>          |Z<11>          |   13.707|
X<11>          |Z<12>          |   12.604|
X<11>          |Z<13>          |   13.549|
X<11>          |Z<14>          |   13.953|
X<11>          |Z<15>          |   15.241|
X<11>          |Z<16>          |   14.474|
X<11>          |Z<17>          |   13.971|
X<11>          |Z<18>          |   14.679|
X<11>          |Z<19>          |   16.302|
X<11>          |Z<20>          |   14.972|
X<11>          |Z<21>          |   16.693|
X<11>          |Z<22>          |   15.854|
X<11>          |Z<23>          |   17.221|
X<11>          |Z<24>          |   16.699|
X<11>          |Z<25>          |   17.756|
X<11>          |Z<26>          |   18.026|
X<11>          |Z<27>          |   19.238|
X<11>          |Z<28>          |   19.220|
X<11>          |Z<29>          |   19.586|
X<11>          |Z<30>          |   21.340|
X<11>          |Z<31>          |   21.065|
X<11>          |equal          |   11.848|
X<11>          |overflow       |   17.709|
X<11>          |zero           |   20.017|
X<12>          |Z<0>           |   18.494|
X<12>          |Z<1>           |   13.162|
X<12>          |Z<2>           |   12.353|
X<12>          |Z<3>           |   13.389|
X<12>          |Z<4>           |   13.909|
X<12>          |Z<5>           |   12.933|
X<12>          |Z<6>           |   12.906|
X<12>          |Z<7>           |   13.358|
X<12>          |Z<8>           |   15.592|
X<12>          |Z<9>           |   13.306|
X<12>          |Z<10>          |   14.154|
X<12>          |Z<11>          |   13.518|
X<12>          |Z<12>          |   13.938|
X<12>          |Z<13>          |   12.373|
X<12>          |Z<14>          |   12.839|
X<12>          |Z<15>          |   14.127|
X<12>          |Z<16>          |   14.529|
X<12>          |Z<17>          |   14.026|
X<12>          |Z<18>          |   14.734|
X<12>          |Z<19>          |   16.357|
X<12>          |Z<20>          |   15.027|
X<12>          |Z<21>          |   16.748|
X<12>          |Z<22>          |   15.909|
X<12>          |Z<23>          |   17.276|
X<12>          |Z<24>          |   16.754|
X<12>          |Z<25>          |   17.811|
X<12>          |Z<26>          |   18.081|
X<12>          |Z<27>          |   19.293|
X<12>          |Z<28>          |   19.275|
X<12>          |Z<29>          |   19.641|
X<12>          |Z<30>          |   21.395|
X<12>          |Z<31>          |   21.120|
X<12>          |equal          |   11.727|
X<12>          |overflow       |   17.764|
X<12>          |zero           |   20.072|
X<13>          |Z<0>           |   18.937|
X<13>          |Z<1>           |   12.134|
X<13>          |Z<2>           |   13.631|
X<13>          |Z<3>           |   13.224|
X<13>          |Z<4>           |   13.523|
X<13>          |Z<5>           |   13.400|
X<13>          |Z<6>           |   13.180|
X<13>          |Z<7>           |   14.199|
X<13>          |Z<8>           |   15.379|
X<13>          |Z<9>           |   13.478|
X<13>          |Z<10>          |   14.668|
X<13>          |Z<11>          |   13.752|
X<13>          |Z<12>          |   14.241|
X<13>          |Z<13>          |   14.906|
X<13>          |Z<14>          |   13.400|
X<13>          |Z<15>          |   14.688|
X<13>          |Z<16>          |   14.972|
X<13>          |Z<17>          |   14.469|
X<13>          |Z<18>          |   15.177|
X<13>          |Z<19>          |   16.800|
X<13>          |Z<20>          |   15.470|
X<13>          |Z<21>          |   17.191|
X<13>          |Z<22>          |   16.352|
X<13>          |Z<23>          |   17.719|
X<13>          |Z<24>          |   17.197|
X<13>          |Z<25>          |   18.254|
X<13>          |Z<26>          |   18.524|
X<13>          |Z<27>          |   19.736|
X<13>          |Z<28>          |   19.718|
X<13>          |Z<29>          |   20.084|
X<13>          |Z<30>          |   21.838|
X<13>          |Z<31>          |   21.563|
X<13>          |equal          |   11.877|
X<13>          |overflow       |   18.207|
X<13>          |zero           |   20.515|
X<14>          |Z<0>           |   17.616|
X<14>          |Z<1>           |   12.278|
X<14>          |Z<2>           |   12.572|
X<14>          |Z<3>           |   13.261|
X<14>          |Z<4>           |   13.332|
X<14>          |Z<5>           |   13.024|
X<14>          |Z<6>           |   12.848|
X<14>          |Z<7>           |   13.909|
X<14>          |Z<8>           |   14.344|
X<14>          |Z<9>           |   13.519|
X<14>          |Z<10>          |   14.172|
X<14>          |Z<11>          |   13.494|
X<14>          |Z<12>          |   13.488|
X<14>          |Z<13>          |   14.629|
X<14>          |Z<14>          |   15.162|
X<14>          |Z<15>          |   13.472|
X<14>          |Z<16>          |   13.651|
X<14>          |Z<17>          |   14.702|
X<14>          |Z<18>          |   13.856|
X<14>          |Z<19>          |   15.479|
X<14>          |Z<20>          |   14.149|
X<14>          |Z<21>          |   15.870|
X<14>          |Z<22>          |   15.031|
X<14>          |Z<23>          |   16.398|
X<14>          |Z<24>          |   15.876|
X<14>          |Z<25>          |   16.933|
X<14>          |Z<26>          |   17.203|
X<14>          |Z<27>          |   18.415|
X<14>          |Z<28>          |   18.397|
X<14>          |Z<29>          |   18.763|
X<14>          |Z<30>          |   20.517|
X<14>          |Z<31>          |   20.242|
X<14>          |equal          |   10.712|
X<14>          |overflow       |   16.886|
X<14>          |zero           |   19.194|
X<15>          |Z<0>           |   17.641|
X<15>          |Z<1>           |   12.467|
X<15>          |Z<2>           |   12.841|
X<15>          |Z<3>           |   12.877|
X<15>          |Z<4>           |   13.434|
X<15>          |Z<5>           |   13.002|
X<15>          |Z<6>           |   12.898|
X<15>          |Z<7>           |   13.545|
X<15>          |Z<8>           |   14.502|
X<15>          |Z<9>           |   13.868|
X<15>          |Z<10>          |   13.874|
X<15>          |Z<11>          |   14.315|
X<15>          |Z<12>          |   13.687|
X<15>          |Z<13>          |   14.074|
X<15>          |Z<14>          |   14.677|
X<15>          |Z<15>          |   15.300|
X<15>          |Z<16>          |   14.962|
X<15>          |Z<17>          |   14.619|
X<15>          |Z<18>          |   14.329|
X<15>          |Z<19>          |   15.504|
X<15>          |Z<20>          |   14.174|
X<15>          |Z<21>          |   15.895|
X<15>          |Z<22>          |   15.056|
X<15>          |Z<23>          |   16.423|
X<15>          |Z<24>          |   15.901|
X<15>          |Z<25>          |   16.958|
X<15>          |Z<26>          |   17.228|
X<15>          |Z<27>          |   18.440|
X<15>          |Z<28>          |   18.422|
X<15>          |Z<29>          |   18.788|
X<15>          |Z<30>          |   20.542|
X<15>          |Z<31>          |   20.267|
X<15>          |equal          |   10.255|
X<15>          |overflow       |   16.911|
X<15>          |zero           |   19.219|
X<16>          |Z<0>           |   18.133|
X<16>          |Z<1>           |   12.219|
X<16>          |Z<2>           |   13.028|
X<16>          |Z<3>           |   13.205|
X<16>          |Z<4>           |   13.288|
X<16>          |Z<5>           |   12.945|
X<16>          |Z<6>           |   13.250|
X<16>          |Z<7>           |   13.907|
X<16>          |Z<8>           |   14.807|
X<16>          |Z<9>           |   13.876|
X<16>          |Z<10>          |   14.126|
X<16>          |Z<11>          |   13.906|
X<16>          |Z<12>          |   13.829|
X<16>          |Z<13>          |   14.928|
X<16>          |Z<14>          |   16.266|
X<16>          |Z<15>          |   15.288|
X<16>          |Z<16>          |   15.337|
X<16>          |Z<17>          |   15.023|
X<16>          |Z<18>          |   14.235|
X<16>          |Z<19>          |   15.711|
X<16>          |Z<20>          |   14.666|
X<16>          |Z<21>          |   16.387|
X<16>          |Z<22>          |   15.548|
X<16>          |Z<23>          |   16.915|
X<16>          |Z<24>          |   16.393|
X<16>          |Z<25>          |   17.450|
X<16>          |Z<26>          |   17.720|
X<16>          |Z<27>          |   18.932|
X<16>          |Z<28>          |   18.914|
X<16>          |Z<29>          |   19.280|
X<16>          |Z<30>          |   21.034|
X<16>          |Z<31>          |   20.759|
X<16>          |equal          |   10.969|
X<16>          |overflow       |   17.403|
X<16>          |zero           |   19.711|
X<17>          |Z<0>           |   18.453|
X<17>          |Z<1>           |   12.812|
X<17>          |Z<2>           |   13.403|
X<17>          |Z<3>           |   13.763|
X<17>          |Z<4>           |   13.523|
X<17>          |Z<5>           |   13.463|
X<17>          |Z<6>           |   13.714|
X<17>          |Z<7>           |   14.558|
X<17>          |Z<8>           |   15.366|
X<17>          |Z<9>           |   14.358|
X<17>          |Z<10>          |   14.823|
X<17>          |Z<11>          |   14.303|
X<17>          |Z<12>          |   14.855|
X<17>          |Z<13>          |   15.108|
X<17>          |Z<14>          |   16.738|
X<17>          |Z<15>          |   15.547|
X<17>          |Z<16>          |   15.927|
X<17>          |Z<17>          |   15.595|
X<17>          |Z<18>          |   14.951|
X<17>          |Z<19>          |   16.574|
X<17>          |Z<20>          |   15.403|
X<17>          |Z<21>          |   16.707|
X<17>          |Z<22>          |   15.868|
X<17>          |Z<23>          |   17.235|
X<17>          |Z<24>          |   16.713|
X<17>          |Z<25>          |   17.770|
X<17>          |Z<26>          |   18.040|
X<17>          |Z<27>          |   19.252|
X<17>          |Z<28>          |   19.234|
X<17>          |Z<29>          |   19.600|
X<17>          |Z<30>          |   21.354|
X<17>          |Z<31>          |   21.079|
X<17>          |equal          |   13.234|
X<17>          |overflow       |   17.723|
X<17>          |zero           |   20.031|
X<18>          |Z<0>           |   16.690|
X<18>          |Z<1>           |   12.624|
X<18>          |Z<2>           |   13.142|
X<18>          |Z<3>           |   13.390|
X<18>          |Z<4>           |   13.365|
X<18>          |Z<5>           |   13.551|
X<18>          |Z<6>           |   13.753|
X<18>          |Z<7>           |   14.108|
X<18>          |Z<8>           |   15.054|
X<18>          |Z<9>           |   13.801|
X<18>          |Z<10>          |   14.404|
X<18>          |Z<11>          |   13.799|
X<18>          |Z<12>          |   14.217|
X<18>          |Z<13>          |   15.117|
X<18>          |Z<14>          |   16.174|
X<18>          |Z<15>          |   16.075|
X<18>          |Z<16>          |   15.257|
X<18>          |Z<17>          |   14.730|
X<18>          |Z<18>          |   15.164|
X<18>          |Z<19>          |   16.099|
X<18>          |Z<20>          |   14.383|
X<18>          |Z<21>          |   15.423|
X<18>          |Z<22>          |   14.105|
X<18>          |Z<23>          |   15.472|
X<18>          |Z<24>          |   15.262|
X<18>          |Z<25>          |   16.007|
X<18>          |Z<26>          |   16.277|
X<18>          |Z<27>          |   17.489|
X<18>          |Z<28>          |   17.471|
X<18>          |Z<29>          |   17.837|
X<18>          |Z<30>          |   19.591|
X<18>          |Z<31>          |   19.316|
X<18>          |equal          |   11.722|
X<18>          |overflow       |   15.960|
X<18>          |zero           |   18.385|
X<19>          |Z<0>           |   16.042|
X<19>          |Z<1>           |   12.096|
X<19>          |Z<2>           |   12.866|
X<19>          |Z<3>           |   13.777|
X<19>          |Z<4>           |   12.898|
X<19>          |Z<5>           |   12.469|
X<19>          |Z<6>           |   12.842|
X<19>          |Z<7>           |   13.539|
X<19>          |Z<8>           |   14.461|
X<19>          |Z<9>           |   13.428|
X<19>          |Z<10>          |   13.879|
X<19>          |Z<11>          |   13.497|
X<19>          |Z<12>          |   13.299|
X<19>          |Z<13>          |   14.535|
X<19>          |Z<14>          |   15.466|
X<19>          |Z<15>          |   14.556|
X<19>          |Z<16>          |   14.961|
X<19>          |Z<17>          |   14.550|
X<19>          |Z<18>          |   14.431|
X<19>          |Z<19>          |   14.829|
X<19>          |Z<20>          |   13.518|
X<19>          |Z<21>          |   14.296|
X<19>          |Z<22>          |   13.581|
X<19>          |Z<23>          |   14.824|
X<19>          |Z<24>          |   15.190|
X<19>          |Z<25>          |   15.359|
X<19>          |Z<26>          |   15.629|
X<19>          |Z<27>          |   16.841|
X<19>          |Z<28>          |   16.823|
X<19>          |Z<29>          |   17.189|
X<19>          |Z<30>          |   18.943|
X<19>          |Z<31>          |   18.668|
X<19>          |equal          |   12.331|
X<19>          |overflow       |   15.312|
X<19>          |zero           |   17.792|
X<20>          |Z<0>           |   14.559|
X<20>          |Z<1>           |   12.033|
X<20>          |Z<2>           |   12.565|
X<20>          |Z<3>           |   13.808|
X<20>          |Z<4>           |   13.435|
X<20>          |Z<5>           |   12.528|
X<20>          |Z<6>           |   12.531|
X<20>          |Z<7>           |   12.979|
X<20>          |Z<8>           |   13.988|
X<20>          |Z<9>           |   13.522|
X<20>          |Z<10>          |   13.517|
X<20>          |Z<11>          |   14.910|
X<20>          |Z<12>          |   13.366|
X<20>          |Z<13>          |   14.339|
X<20>          |Z<14>          |   14.571|
X<20>          |Z<15>          |   14.698|
X<20>          |Z<16>          |   14.834|
X<20>          |Z<17>          |   14.281|
X<20>          |Z<18>          |   14.347|
X<20>          |Z<19>          |   14.860|
X<20>          |Z<20>          |   13.686|
X<20>          |Z<21>          |   13.712|
X<20>          |Z<22>          |   13.794|
X<20>          |Z<23>          |   14.169|
X<20>          |Z<24>          |   13.807|
X<20>          |Z<25>          |   13.876|
X<20>          |Z<26>          |   14.841|
X<20>          |Z<27>          |   15.358|
X<20>          |Z<28>          |   15.340|
X<20>          |Z<29>          |   15.706|
X<20>          |Z<30>          |   17.460|
X<20>          |Z<31>          |   17.185|
X<20>          |equal          |   10.077|
X<20>          |overflow       |   13.829|
X<20>          |zero           |   17.900|
X<21>          |Z<0>           |   16.437|
X<21>          |Z<1>           |   11.952|
X<21>          |Z<2>           |   13.455|
X<21>          |Z<3>           |   14.199|
X<21>          |Z<4>           |   14.032|
X<21>          |Z<5>           |   13.829|
X<21>          |Z<6>           |   13.341|
X<21>          |Z<7>           |   13.955|
X<21>          |Z<8>           |   14.582|
X<21>          |Z<9>           |   13.109|
X<21>          |Z<10>          |   15.283|
X<21>          |Z<11>          |   15.513|
X<21>          |Z<12>          |   13.940|
X<21>          |Z<13>          |   15.004|
X<21>          |Z<14>          |   15.905|
X<21>          |Z<15>          |   15.471|
X<21>          |Z<16>          |   15.225|
X<21>          |Z<17>          |   15.139|
X<21>          |Z<18>          |   15.020|
X<21>          |Z<19>          |   15.449|
X<21>          |Z<20>          |   14.213|
X<21>          |Z<21>          |   15.595|
X<21>          |Z<22>          |   14.435|
X<21>          |Z<23>          |   15.345|
X<21>          |Z<24>          |   15.409|
X<21>          |Z<25>          |   15.754|
X<21>          |Z<26>          |   16.024|
X<21>          |Z<27>          |   17.236|
X<21>          |Z<28>          |   17.218|
X<21>          |Z<29>          |   17.584|
X<21>          |Z<30>          |   19.338|
X<21>          |Z<31>          |   19.063|
X<21>          |equal          |   13.469|
X<21>          |overflow       |   15.707|
X<21>          |zero           |   18.581|
X<22>          |Z<0>           |   13.697|
X<22>          |Z<1>           |   12.138|
X<22>          |Z<2>           |   12.293|
X<22>          |Z<3>           |   12.572|
X<22>          |Z<4>           |   13.392|
X<22>          |Z<5>           |   12.495|
X<22>          |Z<6>           |   13.226|
X<22>          |Z<7>           |   12.676|
X<22>          |Z<8>           |   13.757|
X<22>          |Z<9>           |   12.832|
X<22>          |Z<10>          |   13.813|
X<22>          |Z<11>          |   14.873|
X<22>          |Z<12>          |   12.962|
X<22>          |Z<13>          |   14.026|
X<22>          |Z<14>          |   13.927|
X<22>          |Z<15>          |   14.206|
X<22>          |Z<16>          |   13.709|
X<22>          |Z<17>          |   14.018|
X<22>          |Z<18>          |   13.858|
X<22>          |Z<19>          |   13.624|
X<22>          |Z<20>          |   13.087|
X<22>          |Z<21>          |   14.261|
X<22>          |Z<22>          |   14.777|
X<22>          |Z<23>          |   13.503|
X<22>          |Z<24>          |   13.389|
X<22>          |Z<25>          |   15.294|
X<22>          |Z<26>          |   14.417|
X<22>          |Z<27>          |   14.496|
X<22>          |Z<28>          |   14.478|
X<22>          |Z<29>          |   14.844|
X<22>          |Z<30>          |   16.598|
X<22>          |Z<31>          |   16.323|
X<22>          |equal          |   10.694|
X<22>          |overflow       |   12.967|
X<22>          |zero           |   17.857|
X<23>          |Z<0>           |   16.101|
X<23>          |Z<1>           |   11.836|
X<23>          |Z<2>           |   13.952|
X<23>          |Z<3>           |   14.566|
X<23>          |Z<4>           |   14.620|
X<23>          |Z<5>           |   14.197|
X<23>          |Z<6>           |   13.741|
X<23>          |Z<7>           |   15.030|
X<23>          |Z<8>           |   15.815|
X<23>          |Z<9>           |   13.654|
X<23>          |Z<10>          |   14.823|
X<23>          |Z<11>          |   16.101|
X<23>          |Z<12>          |   14.042|
X<23>          |Z<13>          |   14.848|
X<23>          |Z<14>          |   15.392|
X<23>          |Z<15>          |   15.045|
X<23>          |Z<16>          |   15.450|
X<23>          |Z<17>          |   15.677|
X<23>          |Z<18>          |   15.517|
X<23>          |Z<19>          |   15.535|
X<23>          |Z<20>          |   14.315|
X<23>          |Z<21>          |   15.963|
X<23>          |Z<22>          |   16.436|
X<23>          |Z<23>          |   15.315|
X<23>          |Z<24>          |   15.436|
X<23>          |Z<25>          |   15.809|
X<23>          |Z<26>          |   15.688|
X<23>          |Z<27>          |   16.900|
X<23>          |Z<28>          |   16.882|
X<23>          |Z<29>          |   17.248|
X<23>          |Z<30>          |   19.002|
X<23>          |Z<31>          |   18.727|
X<23>          |equal          |   11.678|
X<23>          |overflow       |   15.371|
X<23>          |zero           |   19.146|
X<24>          |Z<0>           |   16.549|
X<24>          |Z<1>           |   11.739|
X<24>          |Z<2>           |   12.741|
X<24>          |Z<3>           |   13.490|
X<24>          |Z<4>           |   13.103|
X<24>          |Z<5>           |   13.087|
X<24>          |Z<6>           |   13.356|
X<24>          |Z<7>           |   14.514|
X<24>          |Z<8>           |   15.299|
X<24>          |Z<9>           |   13.116|
X<24>          |Z<10>          |   14.418|
X<24>          |Z<11>          |   14.531|
X<24>          |Z<12>          |   13.820|
X<24>          |Z<13>          |   14.415|
X<24>          |Z<14>          |   15.098|
X<24>          |Z<15>          |   14.656|
X<24>          |Z<16>          |   14.872|
X<24>          |Z<17>          |   14.466|
X<24>          |Z<18>          |   14.306|
X<24>          |Z<19>          |   14.596|
X<24>          |Z<20>          |   13.303|
X<24>          |Z<21>          |   14.853|
X<24>          |Z<22>          |   15.225|
X<24>          |Z<23>          |   14.799|
X<24>          |Z<24>          |   14.920|
X<24>          |Z<25>          |   15.424|
X<24>          |Z<26>          |   15.022|
X<24>          |Z<27>          |   15.611|
X<24>          |Z<28>          |   17.330|
X<24>          |Z<29>          |   17.696|
X<24>          |Z<30>          |   19.450|
X<24>          |Z<31>          |   19.175|
X<24>          |equal          |   12.825|
X<24>          |overflow       |   15.819|
X<24>          |zero           |   18.630|
X<25>          |Z<0>           |   15.374|
X<25>          |Z<1>           |   12.091|
X<25>          |Z<2>           |   13.053|
X<25>          |Z<3>           |   13.511|
X<25>          |Z<4>           |   13.579|
X<25>          |Z<5>           |   13.450|
X<25>          |Z<6>           |   12.820|
X<25>          |Z<7>           |   14.511|
X<25>          |Z<8>           |   15.296|
X<25>          |Z<9>           |   13.858|
X<25>          |Z<10>          |   14.478|
X<25>          |Z<11>          |   14.562|
X<25>          |Z<12>          |   14.057|
X<25>          |Z<13>          |   14.377|
X<25>          |Z<14>          |   15.199|
X<25>          |Z<15>          |   15.263|
X<25>          |Z<16>          |   14.395|
X<25>          |Z<17>          |   14.778|
X<25>          |Z<18>          |   14.618|
X<25>          |Z<19>          |   14.715|
X<25>          |Z<20>          |   13.779|
X<25>          |Z<21>          |   15.216|
X<25>          |Z<22>          |   15.537|
X<25>          |Z<23>          |   14.796|
X<25>          |Z<24>          |   14.917|
X<25>          |Z<25>          |   15.492|
X<25>          |Z<26>          |   15.082|
X<25>          |Z<27>          |   13.869|
X<25>          |Z<28>          |   16.155|
X<25>          |Z<29>          |   16.521|
X<25>          |Z<30>          |   18.275|
X<25>          |Z<31>          |   18.000|
X<25>          |equal          |   12.184|
X<25>          |overflow       |   14.644|
X<25>          |zero           |   18.627|
X<26>          |Z<0>           |   13.277|
X<26>          |Z<1>           |   11.749|
X<26>          |Z<2>           |   12.989|
X<26>          |Z<3>           |   12.832|
X<26>          |Z<4>           |   12.563|
X<26>          |Z<5>           |   13.167|
X<26>          |Z<6>           |   13.208|
X<26>          |Z<7>           |   14.537|
X<26>          |Z<8>           |   15.322|
X<26>          |Z<9>           |   13.590|
X<26>          |Z<10>          |   14.236|
X<26>          |Z<11>          |   13.966|
X<26>          |Z<12>          |   13.307|
X<26>          |Z<13>          |   14.161|
X<26>          |Z<14>          |   14.286|
X<26>          |Z<15>          |   14.196|
X<26>          |Z<16>          |   13.773|
X<26>          |Z<17>          |   14.590|
X<26>          |Z<18>          |   14.554|
X<26>          |Z<19>          |   13.883|
X<26>          |Z<20>          |   12.763|
X<26>          |Z<21>          |   14.904|
X<26>          |Z<22>          |   14.870|
X<26>          |Z<23>          |   14.822|
X<26>          |Z<24>          |   14.943|
X<26>          |Z<25>          |   15.276|
X<26>          |Z<26>          |   14.575|
X<26>          |Z<27>          |   13.273|
X<26>          |Z<28>          |   14.058|
X<26>          |Z<29>          |   14.922|
X<26>          |Z<30>          |   16.178|
X<26>          |Z<31>          |   15.903|
X<26>          |equal          |   10.419|
X<26>          |overflow       |   12.547|
X<26>          |zero           |   18.653|
X<27>          |Z<0>           |   12.766|
X<27>          |Z<1>           |   12.230|
X<27>          |Z<2>           |   12.722|
X<27>          |Z<3>           |   13.227|
X<27>          |Z<4>           |   12.900|
X<27>          |Z<5>           |   12.584|
X<27>          |Z<6>           |   13.034|
X<27>          |Z<7>           |   13.871|
X<27>          |Z<8>           |   14.400|
X<27>          |Z<9>           |   13.129|
X<27>          |Z<10>          |   13.793|
X<27>          |Z<11>          |   14.381|
X<27>          |Z<12>          |   13.241|
X<27>          |Z<13>          |   14.176|
X<27>          |Z<14>          |   14.222|
X<27>          |Z<15>          |   14.712|
X<27>          |Z<16>          |   14.187|
X<27>          |Z<17>          |   14.323|
X<27>          |Z<18>          |   14.287|
X<27>          |Z<19>          |   14.107|
X<27>          |Z<20>          |   13.036|
X<27>          |Z<21>          |   14.350|
X<27>          |Z<22>          |   14.610|
X<27>          |Z<23>          |   14.301|
X<27>          |Z<24>          |   14.368|
X<27>          |Z<25>          |   15.102|
X<27>          |Z<26>          |   14.379|
X<27>          |Z<27>          |   14.700|
X<27>          |Z<28>          |   13.844|
X<27>          |Z<29>          |   14.937|
X<27>          |Z<30>          |   15.667|
X<27>          |Z<31>          |   15.392|
X<27>          |equal          |   11.243|
X<27>          |overflow       |   12.036|
X<27>          |zero           |   17.731|
X<28>          |Z<0>           |   11.850|
X<28>          |Z<1>           |   11.323|
X<28>          |Z<2>           |   12.118|
X<28>          |Z<3>           |   13.624|
X<28>          |Z<4>           |   12.779|
X<28>          |Z<5>           |   12.391|
X<28>          |Z<6>           |   12.158|
X<28>          |Z<7>           |   13.810|
X<28>          |Z<8>           |   14.595|
X<28>          |Z<9>           |   13.196|
X<28>          |Z<10>          |   13.955|
X<28>          |Z<11>          |   14.428|
X<28>          |Z<12>          |   14.147|
X<28>          |Z<13>          |   13.763|
X<28>          |Z<14>          |   14.020|
X<28>          |Z<15>          |   13.846|
X<28>          |Z<16>          |   13.785|
X<28>          |Z<17>          |   13.856|
X<28>          |Z<18>          |   13.683|
X<28>          |Z<19>          |   14.004|
X<28>          |Z<20>          |   13.227|
X<28>          |Z<21>          |   14.157|
X<28>          |Z<22>          |   14.197|
X<28>          |Z<23>          |   14.095|
X<28>          |Z<24>          |   14.216|
X<28>          |Z<25>          |   14.503|
X<28>          |Z<26>          |   14.559|
X<28>          |Z<27>          |   14.767|
X<28>          |Z<28>          |   14.929|
X<28>          |Z<29>          |   14.524|
X<28>          |Z<30>          |   14.298|
X<28>          |Z<31>          |   14.390|
X<28>          |equal          |   10.952|
X<28>          |overflow       |   10.667|
X<28>          |zero           |   17.926|
X<29>          |Z<0>           |   13.268|
X<29>          |Z<1>           |   11.853|
X<29>          |Z<2>           |   13.129|
X<29>          |Z<3>           |   14.483|
X<29>          |Z<4>           |   13.486|
X<29>          |Z<5>           |   13.947|
X<29>          |Z<6>           |   13.412|
X<29>          |Z<7>           |   14.079|
X<29>          |Z<8>           |   14.864|
X<29>          |Z<9>           |   13.426|
X<29>          |Z<10>          |   15.349|
X<29>          |Z<11>          |   14.972|
X<29>          |Z<12>          |   15.164|
X<29>          |Z<13>          |   14.369|
X<29>          |Z<14>          |   14.150|
X<29>          |Z<15>          |   15.068|
X<29>          |Z<16>          |   14.831|
X<29>          |Z<17>          |   14.730|
X<29>          |Z<18>          |   14.694|
X<29>          |Z<19>          |   14.863|
X<29>          |Z<20>          |   14.086|
X<29>          |Z<21>          |   15.713|
X<29>          |Z<22>          |   15.010|
X<29>          |Z<23>          |   14.364|
X<29>          |Z<24>          |   14.485|
X<29>          |Z<25>          |   15.480|
X<29>          |Z<26>          |   15.833|
X<29>          |Z<27>          |   15.311|
X<29>          |Z<28>          |   15.788|
X<29>          |Z<29>          |   15.130|
X<29>          |Z<30>          |   14.130|
X<29>          |Z<31>          |   14.968|
X<29>          |equal          |    9.639|
X<29>          |overflow       |   10.499|
X<29>          |zero           |   18.647|
X<30>          |Z<0>           |   12.496|
X<30>          |Z<1>           |   12.138|
X<30>          |Z<2>           |   12.749|
X<30>          |Z<3>           |   13.840|
X<30>          |Z<4>           |   13.066|
X<30>          |Z<5>           |   12.914|
X<30>          |Z<6>           |   12.582|
X<30>          |Z<7>           |   13.741|
X<30>          |Z<8>           |   14.526|
X<30>          |Z<9>           |   13.350|
X<30>          |Z<10>          |   14.316|
X<30>          |Z<11>          |   14.538|
X<30>          |Z<12>          |   14.763|
X<30>          |Z<13>          |   14.065|
X<30>          |Z<14>          |   13.359|
X<30>          |Z<15>          |   14.460|
X<30>          |Z<16>          |   14.015|
X<30>          |Z<17>          |   13.846|
X<30>          |Z<18>          |   14.314|
X<30>          |Z<19>          |   14.635|
X<30>          |Z<20>          |   13.497|
X<30>          |Z<21>          |   14.680|
X<30>          |Z<22>          |   14.825|
X<30>          |Z<23>          |   14.026|
X<30>          |Z<24>          |   14.147|
X<30>          |Z<25>          |   14.657|
X<30>          |Z<26>          |   14.800|
X<30>          |Z<27>          |   14.877|
X<30>          |Z<28>          |   15.145|
X<30>          |Z<29>          |   14.826|
X<30>          |Z<30>          |   13.910|
X<30>          |Z<31>          |   14.581|
X<30>          |equal          |   11.703|
X<30>          |overflow       |    9.752|
X<30>          |zero           |   17.857|
X<31>          |Z<0>           |   12.599|
X<31>          |Z<1>           |   11.554|
X<31>          |Z<2>           |   12.979|
X<31>          |Z<3>           |   13.524|
X<31>          |Z<4>           |   13.584|
X<31>          |Z<5>           |   12.942|
X<31>          |Z<6>           |   12.963|
X<31>          |Z<7>           |   14.116|
X<31>          |Z<8>           |   14.544|
X<31>          |Z<9>           |   14.001|
X<31>          |Z<10>          |   14.344|
X<31>          |Z<11>          |   14.555|
X<31>          |Z<12>          |   14.359|
X<31>          |Z<13>          |   14.295|
X<31>          |Z<14>          |   13.981|
X<31>          |Z<15>          |   13.630|
X<31>          |Z<16>          |   13.506|
X<31>          |Z<17>          |   14.597|
X<31>          |Z<18>          |   14.544|
X<31>          |Z<19>          |   13.920|
X<31>          |Z<20>          |   13.625|
X<31>          |Z<21>          |   14.708|
X<31>          |Z<22>          |   14.832|
X<31>          |Z<23>          |   14.546|
X<31>          |Z<24>          |   14.613|
X<31>          |Z<25>          |   15.308|
X<31>          |Z<26>          |   14.828|
X<31>          |Z<27>          |   15.148|
X<31>          |Z<28>          |   14.829|
X<31>          |Z<29>          |   15.056|
X<31>          |Z<30>          |   13.980|
X<31>          |Z<31>          |   15.265|
X<31>          |equal          |   11.689|
X<31>          |overflow       |   10.796|
X<31>          |zero           |   18.049|
Y<0>           |Z<0>           |   23.682|
Y<0>           |Z<1>           |   12.526|
Y<0>           |Z<2>           |   14.808|
Y<0>           |Z<3>           |   15.511|
Y<0>           |Z<4>           |   14.843|
Y<0>           |Z<5>           |   15.872|
Y<0>           |Z<6>           |   15.013|
Y<0>           |Z<7>           |   16.097|
Y<0>           |Z<8>           |   16.051|
Y<0>           |Z<9>           |   18.286|
Y<0>           |Z<10>          |   17.755|
Y<0>           |Z<11>          |   18.178|
Y<0>           |Z<12>          |   17.847|
Y<0>           |Z<13>          |   18.792|
Y<0>           |Z<14>          |   19.196|
Y<0>           |Z<15>          |   20.484|
Y<0>           |Z<16>          |   19.717|
Y<0>           |Z<17>          |   19.214|
Y<0>           |Z<18>          |   19.922|
Y<0>           |Z<19>          |   21.545|
Y<0>           |Z<20>          |   20.215|
Y<0>           |Z<21>          |   21.936|
Y<0>           |Z<22>          |   21.097|
Y<0>           |Z<23>          |   22.464|
Y<0>           |Z<24>          |   21.942|
Y<0>           |Z<25>          |   22.999|
Y<0>           |Z<26>          |   23.269|
Y<0>           |Z<27>          |   24.481|
Y<0>           |Z<28>          |   24.463|
Y<0>           |Z<29>          |   24.829|
Y<0>           |Z<30>          |   26.583|
Y<0>           |Z<31>          |   26.308|
Y<0>           |equal          |   11.276|
Y<0>           |overflow       |   22.952|
Y<0>           |zero           |   25.260|
Y<1>           |Z<0>           |   22.239|
Y<1>           |Z<1>           |   13.227|
Y<1>           |Z<2>           |   13.785|
Y<1>           |Z<3>           |   14.498|
Y<1>           |Z<4>           |   14.215|
Y<1>           |Z<5>           |   14.429|
Y<1>           |Z<6>           |   13.662|
Y<1>           |Z<7>           |   15.590|
Y<1>           |Z<8>           |   16.375|
Y<1>           |Z<9>           |   16.843|
Y<1>           |Z<10>          |   16.312|
Y<1>           |Z<11>          |   16.735|
Y<1>           |Z<12>          |   16.404|
Y<1>           |Z<13>          |   17.349|
Y<1>           |Z<14>          |   17.753|
Y<1>           |Z<15>          |   19.041|
Y<1>           |Z<16>          |   18.274|
Y<1>           |Z<17>          |   17.771|
Y<1>           |Z<18>          |   18.479|
Y<1>           |Z<19>          |   20.102|
Y<1>           |Z<20>          |   18.772|
Y<1>           |Z<21>          |   20.493|
Y<1>           |Z<22>          |   19.654|
Y<1>           |Z<23>          |   21.021|
Y<1>           |Z<24>          |   20.499|
Y<1>           |Z<25>          |   21.556|
Y<1>           |Z<26>          |   21.826|
Y<1>           |Z<27>          |   23.038|
Y<1>           |Z<28>          |   23.020|
Y<1>           |Z<29>          |   23.386|
Y<1>           |Z<30>          |   25.140|
Y<1>           |Z<31>          |   24.865|
Y<1>           |equal          |   11.724|
Y<1>           |overflow       |   21.509|
Y<1>           |zero           |   23.817|
Y<2>           |Z<0>           |   23.158|
Y<2>           |Z<1>           |   12.963|
Y<2>           |Z<2>           |   13.874|
Y<2>           |Z<3>           |   13.628|
Y<2>           |Z<4>           |   14.319|
Y<2>           |Z<5>           |   15.348|
Y<2>           |Z<6>           |   14.489|
Y<2>           |Z<7>           |   15.939|
Y<2>           |Z<8>           |   16.468|
Y<2>           |Z<9>           |   17.762|
Y<2>           |Z<10>          |   17.231|
Y<2>           |Z<11>          |   17.654|
Y<2>           |Z<12>          |   17.323|
Y<2>           |Z<13>          |   18.268|
Y<2>           |Z<14>          |   18.672|
Y<2>           |Z<15>          |   19.960|
Y<2>           |Z<16>          |   19.193|
Y<2>           |Z<17>          |   18.690|
Y<2>           |Z<18>          |   19.398|
Y<2>           |Z<19>          |   21.021|
Y<2>           |Z<20>          |   19.691|
Y<2>           |Z<21>          |   21.412|
Y<2>           |Z<22>          |   20.573|
Y<2>           |Z<23>          |   21.940|
Y<2>           |Z<24>          |   21.418|
Y<2>           |Z<25>          |   22.475|
Y<2>           |Z<26>          |   22.745|
Y<2>           |Z<27>          |   23.957|
Y<2>           |Z<28>          |   23.939|
Y<2>           |Z<29>          |   24.305|
Y<2>           |Z<30>          |   26.059|
Y<2>           |Z<31>          |   25.784|
Y<2>           |equal          |   10.451|
Y<2>           |overflow       |   22.428|
Y<2>           |zero           |   24.736|
Y<3>           |Z<0>           |   22.016|
Y<3>           |Z<1>           |   11.915|
Y<3>           |Z<2>           |   11.931|
Y<3>           |Z<3>           |   13.888|
Y<3>           |Z<4>           |   13.177|
Y<3>           |Z<5>           |   14.206|
Y<3>           |Z<6>           |   13.347|
Y<3>           |Z<7>           |   14.431|
Y<3>           |Z<8>           |   14.385|
Y<3>           |Z<9>           |   16.620|
Y<3>           |Z<10>          |   16.089|
Y<3>           |Z<11>          |   16.512|
Y<3>           |Z<12>          |   16.181|
Y<3>           |Z<13>          |   17.126|
Y<3>           |Z<14>          |   17.530|
Y<3>           |Z<15>          |   18.818|
Y<3>           |Z<16>          |   18.051|
Y<3>           |Z<17>          |   17.548|
Y<3>           |Z<18>          |   18.256|
Y<3>           |Z<19>          |   19.879|
Y<3>           |Z<20>          |   18.549|
Y<3>           |Z<21>          |   20.270|
Y<3>           |Z<22>          |   19.431|
Y<3>           |Z<23>          |   20.798|
Y<3>           |Z<24>          |   20.276|
Y<3>           |Z<25>          |   21.333|
Y<3>           |Z<26>          |   21.603|
Y<3>           |Z<27>          |   22.815|
Y<3>           |Z<28>          |   22.797|
Y<3>           |Z<29>          |   23.163|
Y<3>           |Z<30>          |   24.917|
Y<3>           |Z<31>          |   24.642|
Y<3>           |equal          |   11.600|
Y<3>           |overflow       |   21.286|
Y<3>           |zero           |   23.594|
Y<4>           |Z<0>           |   20.444|
Y<4>           |Z<1>           |   11.523|
Y<4>           |Z<2>           |   10.683|
Y<4>           |Z<3>           |   11.375|
Y<4>           |Z<4>           |   12.983|
Y<4>           |Z<5>           |   12.268|
Y<4>           |Z<6>           |   11.797|
Y<4>           |Z<7>           |   12.881|
Y<4>           |Z<8>           |   13.195|
Y<4>           |Z<9>           |   15.048|
Y<4>           |Z<10>          |   14.517|
Y<4>           |Z<11>          |   14.940|
Y<4>           |Z<12>          |   14.609|
Y<4>           |Z<13>          |   15.554|
Y<4>           |Z<14>          |   15.958|
Y<4>           |Z<15>          |   17.246|
Y<4>           |Z<16>          |   16.479|
Y<4>           |Z<17>          |   15.976|
Y<4>           |Z<18>          |   16.684|
Y<4>           |Z<19>          |   18.307|
Y<4>           |Z<20>          |   16.977|
Y<4>           |Z<21>          |   18.698|
Y<4>           |Z<22>          |   17.859|
Y<4>           |Z<23>          |   19.226|
Y<4>           |Z<24>          |   18.704|
Y<4>           |Z<25>          |   19.761|
Y<4>           |Z<26>          |   20.031|
Y<4>           |Z<27>          |   21.243|
Y<4>           |Z<28>          |   21.225|
Y<4>           |Z<29>          |   21.591|
Y<4>           |Z<30>          |   23.345|
Y<4>           |Z<31>          |   23.070|
Y<4>           |equal          |   10.612|
Y<4>           |overflow       |   19.714|
Y<4>           |zero           |   22.022|
Y<5>           |Z<0>           |   20.754|
Y<5>           |Z<5>           |   12.603|
Y<5>           |Z<6>           |   12.190|
Y<5>           |Z<7>           |   13.274|
Y<5>           |Z<8>           |   13.123|
Y<5>           |Z<9>           |   15.358|
Y<5>           |Z<10>          |   14.827|
Y<5>           |Z<11>          |   15.250|
Y<5>           |Z<12>          |   14.919|
Y<5>           |Z<13>          |   15.864|
Y<5>           |Z<14>          |   16.268|
Y<5>           |Z<15>          |   17.556|
Y<5>           |Z<16>          |   16.789|
Y<5>           |Z<17>          |   16.286|
Y<5>           |Z<18>          |   16.994|
Y<5>           |Z<19>          |   18.617|
Y<5>           |Z<20>          |   17.287|
Y<5>           |Z<21>          |   19.008|
Y<5>           |Z<22>          |   18.169|
Y<5>           |Z<23>          |   19.536|
Y<5>           |Z<24>          |   19.014|
Y<5>           |Z<25>          |   20.071|
Y<5>           |Z<26>          |   20.341|
Y<5>           |Z<27>          |   21.553|
Y<5>           |Z<28>          |   21.535|
Y<5>           |Z<29>          |   21.901|
Y<5>           |Z<30>          |   23.655|
Y<5>           |Z<31>          |   23.380|
Y<5>           |equal          |   10.075|
Y<5>           |overflow       |   20.024|
Y<5>           |zero           |   22.332|
Y<6>           |Z<0>           |   19.509|
Y<6>           |Z<6>           |   11.380|
Y<6>           |Z<7>           |   11.867|
Y<6>           |Z<8>           |   11.878|
Y<6>           |Z<9>           |   14.113|
Y<6>           |Z<10>          |   13.582|
Y<6>           |Z<11>          |   14.005|
Y<6>           |Z<12>          |   13.674|
Y<6>           |Z<13>          |   14.619|
Y<6>           |Z<14>          |   15.023|
Y<6>           |Z<15>          |   16.311|
Y<6>           |Z<16>          |   15.544|
Y<6>           |Z<17>          |   15.041|
Y<6>           |Z<18>          |   15.749|
Y<6>           |Z<19>          |   17.372|
Y<6>           |Z<20>          |   16.042|
Y<6>           |Z<21>          |   17.763|
Y<6>           |Z<22>          |   16.924|
Y<6>           |Z<23>          |   18.291|
Y<6>           |Z<24>          |   17.769|
Y<6>           |Z<25>          |   18.826|
Y<6>           |Z<26>          |   19.096|
Y<6>           |Z<27>          |   20.308|
Y<6>           |Z<28>          |   20.290|
Y<6>           |Z<29>          |   20.656|
Y<6>           |Z<30>          |   22.410|
Y<6>           |Z<31>          |   22.135|
Y<6>           |equal          |   10.162|
Y<6>           |overflow       |   18.779|
Y<6>           |zero           |   21.087|
Y<7>           |Z<0>           |   19.497|
Y<7>           |Z<7>           |   11.835|
Y<7>           |Z<8>           |   11.866|
Y<7>           |Z<9>           |   14.101|
Y<7>           |Z<10>          |   13.570|
Y<7>           |Z<11>          |   13.993|
Y<7>           |Z<12>          |   13.662|
Y<7>           |Z<13>          |   14.607|
Y<7>           |Z<14>          |   15.011|
Y<7>           |Z<15>          |   16.299|
Y<7>           |Z<16>          |   15.532|
Y<7>           |Z<17>          |   15.029|
Y<7>           |Z<18>          |   15.737|
Y<7>           |Z<19>          |   17.360|
Y<7>           |Z<20>          |   16.030|
Y<7>           |Z<21>          |   17.751|
Y<7>           |Z<22>          |   16.912|
Y<7>           |Z<23>          |   18.279|
Y<7>           |Z<24>          |   17.757|
Y<7>           |Z<25>          |   18.814|
Y<7>           |Z<26>          |   19.084|
Y<7>           |Z<27>          |   20.296|
Y<7>           |Z<28>          |   20.278|
Y<7>           |Z<29>          |   20.644|
Y<7>           |Z<30>          |   22.398|
Y<7>           |Z<31>          |   22.123|
Y<7>           |equal          |   10.252|
Y<7>           |overflow       |   18.767|
Y<7>           |zero           |   21.075|
Y<8>           |Z<0>           |   18.712|
Y<8>           |Z<8>           |   13.195|
Y<8>           |Z<9>           |   12.329|
Y<8>           |Z<10>          |   11.895|
Y<8>           |Z<11>          |   12.318|
Y<8>           |Z<12>          |   12.877|
Y<8>           |Z<13>          |   13.822|
Y<8>           |Z<14>          |   14.226|
Y<8>           |Z<15>          |   15.514|
Y<8>           |Z<16>          |   14.747|
Y<8>           |Z<17>          |   14.244|
Y<8>           |Z<18>          |   14.952|
Y<8>           |Z<19>          |   16.575|
Y<8>           |Z<20>          |   15.245|
Y<8>           |Z<21>          |   16.966|
Y<8>           |Z<22>          |   16.127|
Y<8>           |Z<23>          |   17.494|
Y<8>           |Z<24>          |   16.972|
Y<8>           |Z<25>          |   18.029|
Y<8>           |Z<26>          |   18.299|
Y<8>           |Z<27>          |   19.511|
Y<8>           |Z<28>          |   19.493|
Y<8>           |Z<29>          |   19.859|
Y<8>           |Z<30>          |   21.613|
Y<8>           |Z<31>          |   21.338|
Y<8>           |equal          |   10.570|
Y<8>           |overflow       |   17.982|
Y<8>           |zero           |   20.290|
Y<9>           |Z<0>           |   19.370|
Y<9>           |Z<9>           |   13.715|
Y<9>           |Z<10>          |   11.045|
Y<9>           |Z<11>          |   11.468|
Y<9>           |Z<12>          |   13.535|
Y<9>           |Z<13>          |   14.480|
Y<9>           |Z<14>          |   14.884|
Y<9>           |Z<15>          |   16.172|
Y<9>           |Z<16>          |   15.405|
Y<9>           |Z<17>          |   14.902|
Y<9>           |Z<18>          |   15.610|
Y<9>           |Z<19>          |   17.233|
Y<9>           |Z<20>          |   15.903|
Y<9>           |Z<21>          |   17.624|
Y<9>           |Z<22>          |   16.785|
Y<9>           |Z<23>          |   18.152|
Y<9>           |Z<24>          |   17.630|
Y<9>           |Z<25>          |   18.687|
Y<9>           |Z<26>          |   18.957|
Y<9>           |Z<27>          |   20.169|
Y<9>           |Z<28>          |   20.151|
Y<9>           |Z<29>          |   20.517|
Y<9>           |Z<30>          |   22.271|
Y<9>           |Z<31>          |   21.996|
Y<9>           |equal          |    9.672|
Y<9>           |overflow       |   18.640|
Y<9>           |zero           |   20.948|
Y<10>          |Z<0>           |   18.594|
Y<10>          |Z<10>          |   11.221|
Y<10>          |Z<11>          |   12.429|
Y<10>          |Z<12>          |   12.759|
Y<10>          |Z<13>          |   13.704|
Y<10>          |Z<14>          |   14.108|
Y<10>          |Z<15>          |   15.396|
Y<10>          |Z<16>          |   14.629|
Y<10>          |Z<17>          |   14.126|
Y<10>          |Z<18>          |   14.834|
Y<10>          |Z<19>          |   16.457|
Y<10>          |Z<20>          |   15.127|
Y<10>          |Z<21>          |   16.848|
Y<10>          |Z<22>          |   16.009|
Y<10>          |Z<23>          |   17.376|
Y<10>          |Z<24>          |   16.854|
Y<10>          |Z<25>          |   17.911|
Y<10>          |Z<26>          |   18.181|
Y<10>          |Z<27>          |   19.393|
Y<10>          |Z<28>          |   19.375|
Y<10>          |Z<29>          |   19.741|
Y<10>          |Z<30>          |   21.495|
Y<10>          |Z<31>          |   21.220|
Y<10>          |equal          |   10.419|
Y<10>          |overflow       |   17.864|
Y<10>          |zero           |   20.172|
Y<11>          |Z<0>           |   17.204|
Y<11>          |Z<11>          |   11.923|
Y<11>          |Z<12>          |   11.369|
Y<11>          |Z<13>          |   12.314|
Y<11>          |Z<14>          |   12.718|
Y<11>          |Z<15>          |   14.006|
Y<11>          |Z<16>          |   13.239|
Y<11>          |Z<17>          |   12.736|
Y<11>          |Z<18>          |   13.444|
Y<11>          |Z<19>          |   15.067|
Y<11>          |Z<20>          |   13.737|
Y<11>          |Z<21>          |   15.458|
Y<11>          |Z<22>          |   14.619|
Y<11>          |Z<23>          |   15.986|
Y<11>          |Z<24>          |   15.464|
Y<11>          |Z<25>          |   16.521|
Y<11>          |Z<26>          |   16.791|
Y<11>          |Z<27>          |   18.003|
Y<11>          |Z<28>          |   17.985|
Y<11>          |Z<29>          |   18.351|
Y<11>          |Z<30>          |   20.105|
Y<11>          |Z<31>          |   19.830|
Y<11>          |equal          |    9.964|
Y<11>          |overflow       |   16.474|
Y<11>          |zero           |   18.782|
Y<12>          |Z<0>           |   18.239|
Y<12>          |Z<12>          |   11.550|
Y<12>          |Z<13>          |   11.786|
Y<12>          |Z<14>          |   12.923|
Y<12>          |Z<15>          |   14.211|
Y<12>          |Z<16>          |   14.274|
Y<12>          |Z<17>          |   13.771|
Y<12>          |Z<18>          |   14.479|
Y<12>          |Z<19>          |   16.102|
Y<12>          |Z<20>          |   14.772|
Y<12>          |Z<21>          |   16.493|
Y<12>          |Z<22>          |   15.654|
Y<12>          |Z<23>          |   17.021|
Y<12>          |Z<24>          |   16.499|
Y<12>          |Z<25>          |   17.556|
Y<12>          |Z<26>          |   17.826|
Y<12>          |Z<27>          |   19.038|
Y<12>          |Z<28>          |   19.020|
Y<12>          |Z<29>          |   19.386|
Y<12>          |Z<30>          |   21.140|
Y<12>          |Z<31>          |   20.865|
Y<12>          |equal          |    9.785|
Y<12>          |overflow       |   17.509|
Y<12>          |zero           |   19.817|
Y<13>          |Z<0>           |   17.304|
Y<13>          |Z<13>          |   11.501|
Y<13>          |Z<14>          |   11.928|
Y<13>          |Z<15>          |   13.216|
Y<13>          |Z<16>          |   13.339|
Y<13>          |Z<17>          |   12.836|
Y<13>          |Z<18>          |   13.544|
Y<13>          |Z<19>          |   15.167|
Y<13>          |Z<20>          |   13.837|
Y<13>          |Z<21>          |   15.558|
Y<13>          |Z<22>          |   14.719|
Y<13>          |Z<23>          |   16.086|
Y<13>          |Z<24>          |   15.564|
Y<13>          |Z<25>          |   16.621|
Y<13>          |Z<26>          |   16.891|
Y<13>          |Z<27>          |   18.103|
Y<13>          |Z<28>          |   18.085|
Y<13>          |Z<29>          |   18.451|
Y<13>          |Z<30>          |   20.205|
Y<13>          |Z<31>          |   19.930|
Y<13>          |equal          |    9.157|
Y<13>          |overflow       |   16.574|
Y<13>          |zero           |   18.882|
Y<14>          |Z<0>           |   16.566|
Y<14>          |Z<14>          |   12.041|
Y<14>          |Z<15>          |   12.368|
Y<14>          |Z<16>          |   12.601|
Y<14>          |Z<17>          |   12.098|
Y<14>          |Z<18>          |   12.806|
Y<14>          |Z<19>          |   14.429|
Y<14>          |Z<20>          |   13.099|
Y<14>          |Z<21>          |   14.820|
Y<14>          |Z<22>          |   13.981|
Y<14>          |Z<23>          |   15.348|
Y<14>          |Z<24>          |   14.826|
Y<14>          |Z<25>          |   15.883|
Y<14>          |Z<26>          |   16.153|
Y<14>          |Z<27>          |   17.365|
Y<14>          |Z<28>          |   17.347|
Y<14>          |Z<29>          |   17.713|
Y<14>          |Z<30>          |   19.467|
Y<14>          |Z<31>          |   19.192|
Y<14>          |equal          |    9.331|
Y<14>          |overflow       |   15.836|
Y<14>          |zero           |   18.144|
Y<15>          |Z<0>           |   16.545|
Y<15>          |Z<15>          |   11.605|
Y<15>          |Z<16>          |   12.580|
Y<15>          |Z<17>          |   12.077|
Y<15>          |Z<18>          |   12.785|
Y<15>          |Z<19>          |   14.408|
Y<15>          |Z<20>          |   13.078|
Y<15>          |Z<21>          |   14.799|
Y<15>          |Z<22>          |   13.960|
Y<15>          |Z<23>          |   15.327|
Y<15>          |Z<24>          |   14.805|
Y<15>          |Z<25>          |   15.862|
Y<15>          |Z<26>          |   16.132|
Y<15>          |Z<27>          |   17.344|
Y<15>          |Z<28>          |   17.326|
Y<15>          |Z<29>          |   17.692|
Y<15>          |Z<30>          |   19.446|
Y<15>          |Z<31>          |   19.171|
Y<15>          |equal          |    9.188|
Y<15>          |overflow       |   15.815|
Y<15>          |zero           |   18.123|
Y<16>          |Z<0>           |   16.192|
Y<16>          |Z<16>          |   12.754|
Y<16>          |Z<17>          |   11.670|
Y<16>          |Z<18>          |   12.690|
Y<16>          |Z<19>          |   14.313|
Y<16>          |Z<20>          |   12.725|
Y<16>          |Z<21>          |   14.446|
Y<16>          |Z<22>          |   13.607|
Y<16>          |Z<23>          |   14.974|
Y<16>          |Z<24>          |   14.452|
Y<16>          |Z<25>          |   15.509|
Y<16>          |Z<26>          |   15.779|
Y<16>          |Z<27>          |   16.991|
Y<16>          |Z<28>          |   16.973|
Y<16>          |Z<29>          |   17.339|
Y<16>          |Z<30>          |   19.093|
Y<16>          |Z<31>          |   18.818|
Y<16>          |equal          |    8.882|
Y<16>          |overflow       |   15.462|
Y<16>          |zero           |   17.770|
Y<17>          |Z<0>           |   15.921|
Y<17>          |Z<17>          |   11.767|
Y<17>          |Z<18>          |   12.212|
Y<17>          |Z<19>          |   13.835|
Y<17>          |Z<20>          |   12.454|
Y<17>          |Z<21>          |   14.175|
Y<17>          |Z<22>          |   13.336|
Y<17>          |Z<23>          |   14.703|
Y<17>          |Z<24>          |   14.181|
Y<17>          |Z<25>          |   15.238|
Y<17>          |Z<26>          |   15.508|
Y<17>          |Z<27>          |   16.720|
Y<17>          |Z<28>          |   16.702|
Y<17>          |Z<29>          |   17.068|
Y<17>          |Z<30>          |   18.822|
Y<17>          |Z<31>          |   18.547|
Y<17>          |equal          |    9.572|
Y<17>          |overflow       |   15.191|
Y<17>          |zero           |   17.499|
Y<18>          |Z<0>           |   15.557|
Y<18>          |Z<18>          |   12.290|
Y<18>          |Z<19>          |   13.179|
Y<18>          |Z<20>          |   12.090|
Y<18>          |Z<21>          |   13.811|
Y<18>          |Z<22>          |   12.972|
Y<18>          |Z<23>          |   14.339|
Y<18>          |Z<24>          |   13.817|
Y<18>          |Z<25>          |   14.874|
Y<18>          |Z<26>          |   15.144|
Y<18>          |Z<27>          |   16.356|
Y<18>          |Z<28>          |   16.338|
Y<18>          |Z<29>          |   16.704|
Y<18>          |Z<30>          |   18.458|
Y<18>          |Z<31>          |   18.183|
Y<18>          |equal          |    9.615|
Y<18>          |overflow       |   14.827|
Y<18>          |zero           |   17.135|
Y<19>          |Z<0>           |   15.140|
Y<19>          |Z<19>          |   13.007|
Y<19>          |Z<20>          |   11.673|
Y<19>          |Z<21>          |   13.394|
Y<19>          |Z<22>          |   12.555|
Y<19>          |Z<23>          |   13.922|
Y<19>          |Z<24>          |   13.400|
Y<19>          |Z<25>          |   14.457|
Y<19>          |Z<26>          |   14.727|
Y<19>          |Z<27>          |   15.939|
Y<19>          |Z<28>          |   15.921|
Y<19>          |Z<29>          |   16.287|
Y<19>          |Z<30>          |   18.041|
Y<19>          |Z<31>          |   17.766|
Y<19>          |equal          |   10.281|
Y<19>          |overflow       |   14.410|
Y<19>          |zero           |   16.718|
Y<20>          |Z<0>           |   13.341|
Y<20>          |Z<20>          |   11.280|
Y<20>          |Z<21>          |   11.710|
Y<20>          |Z<22>          |   10.756|
Y<20>          |Z<23>          |   12.123|
Y<20>          |Z<24>          |   11.601|
Y<20>          |Z<25>          |   12.658|
Y<20>          |Z<26>          |   12.928|
Y<20>          |Z<27>          |   14.140|
Y<20>          |Z<28>          |   14.122|
Y<20>          |Z<29>          |   14.488|
Y<20>          |Z<30>          |   16.242|
Y<20>          |Z<31>          |   15.967|
Y<20>          |equal          |   10.028|
Y<20>          |overflow       |   12.611|
Y<20>          |zero           |   14.919|
Y<21>          |Z<0>           |   13.125|
Y<21>          |Z<21>          |   12.776|
Y<21>          |Z<22>          |   10.540|
Y<21>          |Z<23>          |   11.907|
Y<21>          |Z<24>          |   11.385|
Y<21>          |Z<25>          |   12.442|
Y<21>          |Z<26>          |   12.712|
Y<21>          |Z<27>          |   13.924|
Y<21>          |Z<28>          |   13.906|
Y<21>          |Z<29>          |   14.272|
Y<21>          |Z<30>          |   16.026|
Y<21>          |Z<31>          |   15.751|
Y<21>          |equal          |   10.387|
Y<21>          |overflow       |   12.395|
Y<21>          |zero           |   14.703|
Y<22>          |Z<0>           |   13.321|
Y<22>          |Z<22>          |   11.838|
Y<22>          |Z<23>          |   12.051|
Y<22>          |Z<24>          |   11.581|
Y<22>          |Z<25>          |   12.638|
Y<22>          |Z<26>          |   12.908|
Y<22>          |Z<27>          |   14.120|
Y<22>          |Z<28>          |   14.102|
Y<22>          |Z<29>          |   14.468|
Y<22>          |Z<30>          |   16.222|
Y<22>          |Z<31>          |   15.947|
Y<22>          |equal          |   10.222|
Y<22>          |overflow       |   12.591|
Y<22>          |zero           |   14.899|
Y<23>          |Z<0>           |   13.158|
Y<23>          |Z<23>          |   11.545|
Y<23>          |Z<24>          |   11.418|
Y<23>          |Z<25>          |   12.475|
Y<23>          |Z<26>          |   12.745|
Y<23>          |Z<27>          |   13.957|
Y<23>          |Z<28>          |   13.939|
Y<23>          |Z<29>          |   14.305|
Y<23>          |Z<30>          |   16.059|
Y<23>          |Z<31>          |   15.784|
Y<23>          |equal          |    9.823|
Y<23>          |overflow       |   12.428|
Y<23>          |zero           |   14.736|
Y<24>          |Z<0>           |   14.488|
Y<24>          |Z<24>          |   11.995|
Y<24>          |Z<25>          |   11.264|
Y<24>          |Z<26>          |   11.534|
Y<24>          |Z<27>          |   12.746|
Y<24>          |Z<28>          |   15.269|
Y<24>          |Z<29>          |   15.635|
Y<24>          |Z<30>          |   17.389|
Y<24>          |Z<31>          |   17.114|
Y<24>          |equal          |   10.224|
Y<24>          |overflow       |   13.758|
Y<24>          |zero           |   16.066|
Y<25>          |Z<0>           |   13.204|
Y<25>          |Z<25>          |   13.550|
Y<25>          |Z<26>          |   12.084|
Y<25>          |Z<27>          |   12.805|
Y<25>          |Z<28>          |   13.985|
Y<25>          |Z<29>          |   14.351|
Y<25>          |Z<30>          |   16.105|
Y<25>          |Z<31>          |   15.830|
Y<25>          |equal          |   10.697|
Y<25>          |overflow       |   12.474|
Y<25>          |zero           |   14.782|
Y<26>          |Z<0>           |   12.696|
Y<26>          |Z<26>          |   13.139|
Y<26>          |Z<27>          |   12.111|
Y<26>          |Z<28>          |   13.477|
Y<26>          |Z<29>          |   13.843|
Y<26>          |Z<30>          |   15.597|
Y<26>          |Z<31>          |   15.322|
Y<26>          |equal          |   10.097|
Y<26>          |overflow       |   11.966|
Y<26>          |zero           |   14.274|
Y<27>          |Z<0>           |   11.701|
Y<27>          |Z<27>          |   12.591|
Y<27>          |Z<28>          |   12.482|
Y<27>          |Z<29>          |   12.592|
Y<27>          |Z<30>          |   14.602|
Y<27>          |Z<31>          |   14.327|
Y<27>          |equal          |   10.011|
Y<27>          |overflow       |   10.971|
Y<27>          |zero           |   13.279|
Y<28>          |Z<0>           |   11.263|
Y<28>          |Z<28>          |   12.557|
Y<28>          |Z<29>          |   12.660|
Y<28>          |Z<30>          |   14.164|
Y<28>          |Z<31>          |   13.889|
Y<28>          |equal          |   10.372|
Y<28>          |overflow       |   10.533|
Y<28>          |zero           |   12.841|
Y<29>          |Z<0>           |   10.798|
Y<29>          |Z<29>          |   12.467|
Y<29>          |Z<30>          |   13.699|
Y<29>          |Z<31>          |   13.424|
Y<29>          |equal          |    9.336|
Y<29>          |overflow       |   10.068|
Y<29>          |zero           |   12.376|
Y<30>          |Z<0>           |   11.122|
Y<30>          |Z<30>          |   12.500|
Y<30>          |Z<31>          |   13.748|
Y<30>          |equal          |   11.180|
Y<30>          |overflow       |    9.640|
Y<30>          |zero           |   11.665|
Y<31>          |Z<0>           |   10.554|
Y<31>          |Z<31>          |   14.309|
Y<31>          |equal          |   10.999|
Y<31>          |overflow       |    9.249|
Y<31>          |zero           |   12.226|
op_code<0>     |Z<0>           |   15.529|
op_code<0>     |Z<1>           |   15.308|
op_code<0>     |Z<2>           |   15.639|
op_code<0>     |Z<3>           |   16.776|
op_code<0>     |Z<4>           |   16.537|
op_code<0>     |Z<5>           |   16.848|
op_code<0>     |Z<6>           |   16.139|
op_code<0>     |Z<7>           |   15.744|
op_code<0>     |Z<8>           |   16.977|
op_code<0>     |Z<9>           |   16.477|
op_code<0>     |Z<10>          |   16.212|
op_code<0>     |Z<11>          |   16.740|
op_code<0>     |Z<12>          |   16.262|
op_code<0>     |Z<13>          |   16.236|
op_code<0>     |Z<14>          |   14.618|
op_code<0>     |Z<15>          |   15.935|
op_code<0>     |Z<16>          |   18.520|
op_code<0>     |Z<17>          |   17.425|
op_code<0>     |Z<18>          |   16.731|
op_code<0>     |Z<19>          |   16.961|
op_code<0>     |Z<20>          |   17.014|
op_code<0>     |Z<21>          |   17.395|
op_code<0>     |Z<22>          |   17.504|
op_code<0>     |Z<23>          |   17.044|
op_code<0>     |Z<24>          |   15.281|
op_code<0>     |Z<25>          |   16.783|
op_code<0>     |Z<26>          |   16.635|
op_code<0>     |Z<27>          |   17.001|
op_code<0>     |Z<28>          |   16.377|
op_code<0>     |Z<29>          |   18.078|
op_code<0>     |Z<30>          |   17.593|
op_code<0>     |Z<31>          |   14.816|
op_code<0>     |equal          |   12.811|
op_code<0>     |overflow       |   12.080|
op_code<0>     |zero           |   21.002|
op_code<1>     |Z<0>           |   27.319|
op_code<1>     |Z<1>           |   17.288|
op_code<1>     |Z<2>           |   17.118|
op_code<1>     |Z<3>           |   17.914|
op_code<1>     |Z<4>           |   18.480|
op_code<1>     |Z<5>           |   19.509|
op_code<1>     |Z<6>           |   18.650|
op_code<1>     |Z<7>           |   19.734|
op_code<1>     |Z<8>           |   19.688|
op_code<1>     |Z<9>           |   21.923|
op_code<1>     |Z<10>          |   21.392|
op_code<1>     |Z<11>          |   21.815|
op_code<1>     |Z<12>          |   21.484|
op_code<1>     |Z<13>          |   22.429|
op_code<1>     |Z<14>          |   22.833|
op_code<1>     |Z<15>          |   24.121|
op_code<1>     |Z<16>          |   23.354|
op_code<1>     |Z<17>          |   22.851|
op_code<1>     |Z<18>          |   23.559|
op_code<1>     |Z<19>          |   25.182|
op_code<1>     |Z<20>          |   23.852|
op_code<1>     |Z<21>          |   25.573|
op_code<1>     |Z<22>          |   24.734|
op_code<1>     |Z<23>          |   26.101|
op_code<1>     |Z<24>          |   25.579|
op_code<1>     |Z<25>          |   26.636|
op_code<1>     |Z<26>          |   26.906|
op_code<1>     |Z<27>          |   28.118|
op_code<1>     |Z<28>          |   28.100|
op_code<1>     |Z<29>          |   28.466|
op_code<1>     |Z<30>          |   30.220|
op_code<1>     |Z<31>          |   29.945|
op_code<1>     |equal          |   14.359|
op_code<1>     |overflow       |   26.589|
op_code<1>     |zero           |   28.897|
op_code<2>     |Z<0>           |   26.451|
op_code<2>     |Z<1>           |   14.898|
op_code<2>     |Z<2>           |   16.250|
op_code<2>     |Z<3>           |   17.046|
op_code<2>     |Z<4>           |   17.612|
op_code<2>     |Z<5>           |   18.641|
op_code<2>     |Z<6>           |   17.782|
op_code<2>     |Z<7>           |   18.866|
op_code<2>     |Z<8>           |   18.820|
op_code<2>     |Z<9>           |   21.055|
op_code<2>     |Z<10>          |   20.524|
op_code<2>     |Z<11>          |   20.947|
op_code<2>     |Z<12>          |   20.616|
op_code<2>     |Z<13>          |   21.561|
op_code<2>     |Z<14>          |   21.965|
op_code<2>     |Z<15>          |   23.253|
op_code<2>     |Z<16>          |   22.486|
op_code<2>     |Z<17>          |   21.983|
op_code<2>     |Z<18>          |   22.691|
op_code<2>     |Z<19>          |   24.314|
op_code<2>     |Z<20>          |   22.984|
op_code<2>     |Z<21>          |   24.705|
op_code<2>     |Z<22>          |   23.866|
op_code<2>     |Z<23>          |   25.233|
op_code<2>     |Z<24>          |   24.711|
op_code<2>     |Z<25>          |   25.768|
op_code<2>     |Z<26>          |   26.038|
op_code<2>     |Z<27>          |   27.250|
op_code<2>     |Z<28>          |   27.232|
op_code<2>     |Z<29>          |   27.598|
op_code<2>     |Z<30>          |   29.352|
op_code<2>     |Z<31>          |   29.077|
op_code<2>     |equal          |   12.461|
op_code<2>     |overflow       |   25.721|
op_code<2>     |zero           |   28.029|
op_code<3>     |Z<0>           |   28.107|
op_code<3>     |Z<1>           |   16.554|
op_code<3>     |Z<2>           |   18.325|
op_code<3>     |Z<3>           |   18.720|
op_code<3>     |Z<4>           |   19.268|
op_code<3>     |Z<5>           |   20.297|
op_code<3>     |Z<6>           |   19.438|
op_code<3>     |Z<7>           |   20.522|
op_code<3>     |Z<8>           |   20.476|
op_code<3>     |Z<9>           |   22.711|
op_code<3>     |Z<10>          |   22.180|
op_code<3>     |Z<11>          |   22.603|
op_code<3>     |Z<12>          |   22.272|
op_code<3>     |Z<13>          |   23.217|
op_code<3>     |Z<14>          |   23.621|
op_code<3>     |Z<15>          |   24.909|
op_code<3>     |Z<16>          |   24.142|
op_code<3>     |Z<17>          |   23.639|
op_code<3>     |Z<18>          |   24.347|
op_code<3>     |Z<19>          |   25.970|
op_code<3>     |Z<20>          |   24.640|
op_code<3>     |Z<21>          |   26.361|
op_code<3>     |Z<22>          |   25.522|
op_code<3>     |Z<23>          |   26.889|
op_code<3>     |Z<24>          |   26.367|
op_code<3>     |Z<25>          |   27.424|
op_code<3>     |Z<26>          |   27.694|
op_code<3>     |Z<27>          |   28.906|
op_code<3>     |Z<28>          |   28.888|
op_code<3>     |Z<29>          |   29.254|
op_code<3>     |Z<30>          |   31.008|
op_code<3>     |Z<31>          |   30.733|
op_code<3>     |equal          |   15.164|
op_code<3>     |overflow       |   27.377|
op_code<3>     |zero           |   29.685|
---------------+---------------+---------+


Analysis completed Fri Sep 30 12:27:34 2016 
--------------------------------------------------------------------------------

Trace Settings:
-------------------------
Trace Settings 

Peak Memory Usage: 187 MB



