--------------------------------------------------------------------------------
Release 14.7 Trace  (nt)
Copyright (c) 1995-2013 Xilinx, Inc.  All rights reserved.

C:\Xilinx\14.7\ISE_DS\ISE\bin\nt\unwrapped\trce.exe -intstyle ise -v 3 -s 3 -n
3 -fastpaths -xml alu.twx alu.ncd -o alu.twr alu.pcf

Design file:              alu.ncd
Physical constraint file: alu.pcf
Device,package,speed:     xc6slx45,csg324,C,-3 (PRODUCTION 1.23 2013-10-13)
Report level:             verbose report

Environment Variable      Effect 
--------------------      ------ 
NONE                      No environment variables were set
--------------------------------------------------------------------------------

INFO:Timing:2698 - No timing constraints found, doing default enumeration.
INFO:Timing:3412 - To improve timing, see the Timing Closure User Guide (UG612).
INFO:Timing:2752 - To get complete path coverage, use the unconstrained paths 
   option. All paths that are not constrained will be reported in the 
   unconstrained paths section(s) of the report.
INFO:Timing:3339 - The clock-to-out numbers in this timing report are based on 
   a 50 Ohm transmission line loading model.  For the details of this model, 
   and for more information on accounting for different loading conditions, 
   please see the device datasheet.



Data Sheet report:
-----------------
All values displayed in nanoseconds (ns)

Pad to Pad
---------------+---------------+---------+
Source Pad     |Destination Pad|  Delay  |
---------------+---------------+---------+
X<0>           |Z<0>           |   11.444|
X<0>           |Z<1>           |   12.799|
X<0>           |Z<2>           |   12.041|
X<0>           |Z<3>           |   12.841|
X<0>           |Z<4>           |   13.582|
X<0>           |Z<5>           |   13.429|
X<0>           |Z<6>           |   14.387|
X<0>           |Z<7>           |   14.467|
X<0>           |Z<8>           |   15.284|
X<0>           |Z<9>           |   15.767|
X<0>           |Z<10>          |   15.925|
X<0>           |Z<11>          |   16.515|
X<0>           |Z<12>          |   17.122|
X<0>           |Z<13>          |   16.669|
X<0>           |Z<14>          |   16.965|
X<0>           |Z<15>          |   17.733|
X<0>           |Z<16>          |   17.677|
X<0>           |Z<17>          |   18.783|
X<0>           |Z<18>          |   19.139|
X<0>           |Z<19>          |   18.810|
X<0>           |Z<20>          |   19.674|
X<0>           |Z<21>          |   20.395|
X<0>           |Z<22>          |   20.423|
X<0>           |Z<23>          |   20.861|
X<0>           |Z<24>          |   21.050|
X<0>           |Z<25>          |   21.954|
X<0>           |Z<26>          |   21.599|
X<0>           |Z<27>          |   22.503|
X<0>           |Z<28>          |   22.499|
X<0>           |Z<29>          |   23.034|
X<0>           |Z<30>          |   23.101|
X<0>           |Z<31>          |   24.034|
X<0>           |overflow       |   21.333|
X<1>           |Z<1>           |   12.745|
X<1>           |Z<2>           |   11.987|
X<1>           |Z<3>           |   12.787|
X<1>           |Z<4>           |   13.528|
X<1>           |Z<5>           |   13.375|
X<1>           |Z<6>           |   14.333|
X<1>           |Z<7>           |   14.413|
X<1>           |Z<8>           |   15.230|
X<1>           |Z<9>           |   15.713|
X<1>           |Z<10>          |   15.871|
X<1>           |Z<11>          |   16.461|
X<1>           |Z<12>          |   17.068|
X<1>           |Z<13>          |   16.615|
X<1>           |Z<14>          |   16.911|
X<1>           |Z<15>          |   17.679|
X<1>           |Z<16>          |   17.623|
X<1>           |Z<17>          |   18.729|
X<1>           |Z<18>          |   19.085|
X<1>           |Z<19>          |   18.756|
X<1>           |Z<20>          |   19.620|
X<1>           |Z<21>          |   20.341|
X<1>           |Z<22>          |   20.369|
X<1>           |Z<23>          |   20.807|
X<1>           |Z<24>          |   20.996|
X<1>           |Z<25>          |   21.900|
X<1>           |Z<26>          |   21.545|
X<1>           |Z<27>          |   22.449|
X<1>           |Z<28>          |   22.445|
X<1>           |Z<29>          |   22.980|
X<1>           |Z<30>          |   23.047|
X<1>           |Z<31>          |   23.980|
X<1>           |overflow       |   21.279|
X<2>           |Z<2>           |   11.839|
X<2>           |Z<3>           |   12.004|
X<2>           |Z<4>           |   13.026|
X<2>           |Z<5>           |   12.873|
X<2>           |Z<6>           |   13.831|
X<2>           |Z<7>           |   13.911|
X<2>           |Z<8>           |   14.728|
X<2>           |Z<9>           |   15.211|
X<2>           |Z<10>          |   15.369|
X<2>           |Z<11>          |   15.959|
X<2>           |Z<12>          |   16.566|
X<2>           |Z<13>          |   16.113|
X<2>           |Z<14>          |   16.409|
X<2>           |Z<15>          |   17.177|
X<2>           |Z<16>          |   17.121|
X<2>           |Z<17>          |   18.227|
X<2>           |Z<18>          |   18.583|
X<2>           |Z<19>          |   18.254|
X<2>           |Z<20>          |   19.118|
X<2>           |Z<21>          |   19.839|
X<2>           |Z<22>          |   19.867|
X<2>           |Z<23>          |   20.305|
X<2>           |Z<24>          |   20.494|
X<2>           |Z<25>          |   21.398|
X<2>           |Z<26>          |   21.043|
X<2>           |Z<27>          |   21.947|
X<2>           |Z<28>          |   21.943|
X<2>           |Z<29>          |   22.478|
X<2>           |Z<30>          |   22.545|
X<2>           |Z<31>          |   23.478|
X<2>           |overflow       |   20.777|
X<3>           |Z<3>           |   11.524|
X<3>           |Z<4>           |   12.045|
X<3>           |Z<5>           |   11.892|
X<3>           |Z<6>           |   12.850|
X<3>           |Z<7>           |   12.930|
X<3>           |Z<8>           |   13.747|
X<3>           |Z<9>           |   14.230|
X<3>           |Z<10>          |   14.388|
X<3>           |Z<11>          |   14.978|
X<3>           |Z<12>          |   15.585|
X<3>           |Z<13>          |   15.132|
X<3>           |Z<14>          |   15.428|
X<3>           |Z<15>          |   16.196|
X<3>           |Z<16>          |   16.140|
X<3>           |Z<17>          |   17.246|
X<3>           |Z<18>          |   17.602|
X<3>           |Z<19>          |   17.273|
X<3>           |Z<20>          |   18.137|
X<3>           |Z<21>          |   18.858|
X<3>           |Z<22>          |   18.886|
X<3>           |Z<23>          |   19.324|
X<3>           |Z<24>          |   19.513|
X<3>           |Z<25>          |   20.417|
X<3>           |Z<26>          |   20.062|
X<3>           |Z<27>          |   20.966|
X<3>           |Z<28>          |   20.962|
X<3>           |Z<29>          |   21.497|
X<3>           |Z<30>          |   21.564|
X<3>           |Z<31>          |   22.497|
X<3>           |overflow       |   19.796|
X<4>           |Z<4>           |   12.013|
X<4>           |Z<5>           |   11.861|
X<4>           |Z<6>           |   12.521|
X<4>           |Z<7>           |   12.601|
X<4>           |Z<8>           |   13.418|
X<4>           |Z<9>           |   13.901|
X<4>           |Z<10>          |   14.059|
X<4>           |Z<11>          |   14.649|
X<4>           |Z<12>          |   15.256|
X<4>           |Z<13>          |   14.803|
X<4>           |Z<14>          |   15.099|
X<4>           |Z<15>          |   15.867|
X<4>           |Z<16>          |   15.811|
X<4>           |Z<17>          |   16.917|
X<4>           |Z<18>          |   17.273|
X<4>           |Z<19>          |   16.944|
X<4>           |Z<20>          |   17.808|
X<4>           |Z<21>          |   18.529|
X<4>           |Z<22>          |   18.557|
X<4>           |Z<23>          |   18.995|
X<4>           |Z<24>          |   19.184|
X<4>           |Z<25>          |   20.088|
X<4>           |Z<26>          |   19.733|
X<4>           |Z<27>          |   20.637|
X<4>           |Z<28>          |   20.633|
X<4>           |Z<29>          |   21.168|
X<4>           |Z<30>          |   21.235|
X<4>           |Z<31>          |   22.168|
X<4>           |overflow       |   19.467|
X<5>           |Z<5>           |   12.005|
X<5>           |Z<6>           |   12.578|
X<5>           |Z<7>           |   12.658|
X<5>           |Z<8>           |   13.475|
X<5>           |Z<9>           |   13.958|
X<5>           |Z<10>          |   14.116|
X<5>           |Z<11>          |   14.706|
X<5>           |Z<12>          |   15.313|
X<5>           |Z<13>          |   14.860|
X<5>           |Z<14>          |   15.156|
X<5>           |Z<15>          |   15.924|
X<5>           |Z<16>          |   15.868|
X<5>           |Z<17>          |   16.974|
X<5>           |Z<18>          |   17.330|
X<5>           |Z<19>          |   17.001|
X<5>           |Z<20>          |   17.865|
X<5>           |Z<21>          |   18.586|
X<5>           |Z<22>          |   18.614|
X<5>           |Z<23>          |   19.052|
X<5>           |Z<24>          |   19.241|
X<5>           |Z<25>          |   20.145|
X<5>           |Z<26>          |   19.790|
X<5>           |Z<27>          |   20.694|
X<5>           |Z<28>          |   20.690|
X<5>           |Z<29>          |   21.225|
X<5>           |Z<30>          |   21.292|
X<5>           |Z<31>          |   22.225|
X<5>           |overflow       |   19.524|
X<6>           |Z<6>           |   11.650|
X<6>           |Z<7>           |   11.945|
X<6>           |Z<8>           |   12.386|
X<6>           |Z<9>           |   12.869|
X<6>           |Z<10>          |   13.027|
X<6>           |Z<11>          |   13.617|
X<6>           |Z<12>          |   14.224|
X<6>           |Z<13>          |   13.771|
X<6>           |Z<14>          |   14.067|
X<6>           |Z<15>          |   14.835|
X<6>           |Z<16>          |   14.779|
X<6>           |Z<17>          |   15.885|
X<6>           |Z<18>          |   16.241|
X<6>           |Z<19>          |   15.912|
X<6>           |Z<20>          |   16.776|
X<6>           |Z<21>          |   17.497|
X<6>           |Z<22>          |   17.525|
X<6>           |Z<23>          |   17.963|
X<6>           |Z<24>          |   18.152|
X<6>           |Z<25>          |   19.056|
X<6>           |Z<26>          |   18.701|
X<6>           |Z<27>          |   19.605|
X<6>           |Z<28>          |   19.601|
X<6>           |Z<29>          |   20.136|
X<6>           |Z<30>          |   20.203|
X<6>           |Z<31>          |   21.136|
X<6>           |overflow       |   18.435|
X<7>           |Z<7>           |   12.278|
X<7>           |Z<8>           |   12.587|
X<7>           |Z<9>           |   13.070|
X<7>           |Z<10>          |   13.228|
X<7>           |Z<11>          |   13.818|
X<7>           |Z<12>          |   14.425|
X<7>           |Z<13>          |   13.972|
X<7>           |Z<14>          |   14.268|
X<7>           |Z<15>          |   15.036|
X<7>           |Z<16>          |   14.980|
X<7>           |Z<17>          |   16.086|
X<7>           |Z<18>          |   16.442|
X<7>           |Z<19>          |   16.113|
X<7>           |Z<20>          |   16.977|
X<7>           |Z<21>          |   17.698|
X<7>           |Z<22>          |   17.726|
X<7>           |Z<23>          |   18.164|
X<7>           |Z<24>          |   18.353|
X<7>           |Z<25>          |   19.257|
X<7>           |Z<26>          |   18.902|
X<7>           |Z<27>          |   19.806|
X<7>           |Z<28>          |   19.802|
X<7>           |Z<29>          |   20.337|
X<7>           |Z<30>          |   20.404|
X<7>           |Z<31>          |   21.337|
X<7>           |overflow       |   18.636|
X<8>           |Z<8>           |   11.746|
X<8>           |Z<9>           |   11.945|
X<8>           |Z<10>          |   12.926|
X<8>           |Z<11>          |   13.516|
X<8>           |Z<12>          |   14.123|
X<8>           |Z<13>          |   13.670|
X<8>           |Z<14>          |   13.966|
X<8>           |Z<15>          |   14.734|
X<8>           |Z<16>          |   14.678|
X<8>           |Z<17>          |   15.784|
X<8>           |Z<18>          |   16.140|
X<8>           |Z<19>          |   15.811|
X<8>           |Z<20>          |   16.675|
X<8>           |Z<21>          |   17.396|
X<8>           |Z<22>          |   17.424|
X<8>           |Z<23>          |   17.862|
X<8>           |Z<24>          |   18.051|
X<8>           |Z<25>          |   18.955|
X<8>           |Z<26>          |   18.600|
X<8>           |Z<27>          |   19.504|
X<8>           |Z<28>          |   19.500|
X<8>           |Z<29>          |   20.035|
X<8>           |Z<30>          |   20.102|
X<8>           |Z<31>          |   21.035|
X<8>           |overflow       |   18.334|
X<9>           |Z<9>           |   11.923|
X<9>           |Z<10>          |   12.431|
X<9>           |Z<11>          |   13.021|
X<9>           |Z<12>          |   13.628|
X<9>           |Z<13>          |   13.175|
X<9>           |Z<14>          |   13.471|
X<9>           |Z<15>          |   14.239|
X<9>           |Z<16>          |   14.183|
X<9>           |Z<17>          |   15.289|
X<9>           |Z<18>          |   15.645|
X<9>           |Z<19>          |   15.316|
X<9>           |Z<20>          |   16.180|
X<9>           |Z<21>          |   16.901|
X<9>           |Z<22>          |   16.929|
X<9>           |Z<23>          |   17.367|
X<9>           |Z<24>          |   17.556|
X<9>           |Z<25>          |   18.460|
X<9>           |Z<26>          |   18.105|
X<9>           |Z<27>          |   19.009|
X<9>           |Z<28>          |   19.005|
X<9>           |Z<29>          |   19.540|
X<9>           |Z<30>          |   19.607|
X<9>           |Z<31>          |   20.540|
X<9>           |overflow       |   17.839|
X<10>          |Z<10>          |   11.843|
X<10>          |Z<11>          |   12.189|
X<10>          |Z<12>          |   13.421|
X<10>          |Z<13>          |   12.968|
X<10>          |Z<14>          |   13.264|
X<10>          |Z<15>          |   14.032|
X<10>          |Z<16>          |   13.976|
X<10>          |Z<17>          |   15.082|
X<10>          |Z<18>          |   15.438|
X<10>          |Z<19>          |   15.109|
X<10>          |Z<20>          |   15.973|
X<10>          |Z<21>          |   16.694|
X<10>          |Z<22>          |   16.722|
X<10>          |Z<23>          |   17.160|
X<10>          |Z<24>          |   17.349|
X<10>          |Z<25>          |   18.253|
X<10>          |Z<26>          |   17.898|
X<10>          |Z<27>          |   18.802|
X<10>          |Z<28>          |   18.798|
X<10>          |Z<29>          |   19.333|
X<10>          |Z<30>          |   19.400|
X<10>          |Z<31>          |   20.333|
X<10>          |overflow       |   17.632|
X<11>          |Z<11>          |   12.228|
X<11>          |Z<12>          |   13.278|
X<11>          |Z<13>          |   12.825|
X<11>          |Z<14>          |   13.121|
X<11>          |Z<15>          |   13.889|
X<11>          |Z<16>          |   13.833|
X<11>          |Z<17>          |   14.939|
X<11>          |Z<18>          |   15.295|
X<11>          |Z<19>          |   14.966|
X<11>          |Z<20>          |   15.830|
X<11>          |Z<21>          |   16.551|
X<11>          |Z<22>          |   16.579|
X<11>          |Z<23>          |   17.017|
X<11>          |Z<24>          |   17.206|
X<11>          |Z<25>          |   18.110|
X<11>          |Z<26>          |   17.755|
X<11>          |Z<27>          |   18.659|
X<11>          |Z<28>          |   18.655|
X<11>          |Z<29>          |   19.190|
X<11>          |Z<30>          |   19.257|
X<11>          |Z<31>          |   20.190|
X<11>          |overflow       |   17.489|
X<12>          |Z<12>          |   12.051|
X<12>          |Z<13>          |   12.062|
X<12>          |Z<14>          |   12.223|
X<12>          |Z<15>          |   12.991|
X<12>          |Z<16>          |   12.935|
X<12>          |Z<17>          |   14.041|
X<12>          |Z<18>          |   14.397|
X<12>          |Z<19>          |   14.068|
X<12>          |Z<20>          |   14.932|
X<12>          |Z<21>          |   15.653|
X<12>          |Z<22>          |   15.681|
X<12>          |Z<23>          |   16.119|
X<12>          |Z<24>          |   16.308|
X<12>          |Z<25>          |   17.212|
X<12>          |Z<26>          |   16.857|
X<12>          |Z<27>          |   17.761|
X<12>          |Z<28>          |   17.757|
X<12>          |Z<29>          |   18.292|
X<12>          |Z<30>          |   18.359|
X<12>          |Z<31>          |   19.292|
X<12>          |overflow       |   16.591|
X<13>          |Z<13>          |   12.091|
X<13>          |Z<14>          |   12.375|
X<13>          |Z<15>          |   13.143|
X<13>          |Z<16>          |   13.087|
X<13>          |Z<17>          |   14.193|
X<13>          |Z<18>          |   14.549|
X<13>          |Z<19>          |   14.220|
X<13>          |Z<20>          |   15.084|
X<13>          |Z<21>          |   15.805|
X<13>          |Z<22>          |   15.833|
X<13>          |Z<23>          |   16.271|
X<13>          |Z<24>          |   16.460|
X<13>          |Z<25>          |   17.364|
X<13>          |Z<26>          |   17.009|
X<13>          |Z<27>          |   17.913|
X<13>          |Z<28>          |   17.909|
X<13>          |Z<29>          |   18.444|
X<13>          |Z<30>          |   18.511|
X<13>          |Z<31>          |   19.444|
X<13>          |overflow       |   16.743|
X<14>          |Z<14>          |   11.787|
X<14>          |Z<15>          |   12.594|
X<14>          |Z<16>          |   12.394|
X<14>          |Z<17>          |   13.500|
X<14>          |Z<18>          |   13.856|
X<14>          |Z<19>          |   13.527|
X<14>          |Z<20>          |   14.391|
X<14>          |Z<21>          |   15.112|
X<14>          |Z<22>          |   15.140|
X<14>          |Z<23>          |   15.578|
X<14>          |Z<24>          |   15.767|
X<14>          |Z<25>          |   16.671|
X<14>          |Z<26>          |   16.316|
X<14>          |Z<27>          |   17.220|
X<14>          |Z<28>          |   17.216|
X<14>          |Z<29>          |   17.751|
X<14>          |Z<30>          |   17.818|
X<14>          |Z<31>          |   18.751|
X<14>          |overflow       |   16.050|
X<15>          |Z<15>          |   12.699|
X<15>          |Z<16>          |   12.455|
X<15>          |Z<17>          |   13.561|
X<15>          |Z<18>          |   13.917|
X<15>          |Z<19>          |   13.588|
X<15>          |Z<20>          |   14.452|
X<15>          |Z<21>          |   15.173|
X<15>          |Z<22>          |   15.201|
X<15>          |Z<23>          |   15.639|
X<15>          |Z<24>          |   15.828|
X<15>          |Z<25>          |   16.732|
X<15>          |Z<26>          |   16.377|
X<15>          |Z<27>          |   17.281|
X<15>          |Z<28>          |   17.277|
X<15>          |Z<29>          |   17.812|
X<15>          |Z<30>          |   17.879|
X<15>          |Z<31>          |   18.812|
X<15>          |overflow       |   16.111|
X<16>          |Z<16>          |   11.629|
X<16>          |Z<17>          |   12.207|
X<16>          |Z<18>          |   13.037|
X<16>          |Z<19>          |   12.708|
X<16>          |Z<20>          |   13.572|
X<16>          |Z<21>          |   14.293|
X<16>          |Z<22>          |   14.321|
X<16>          |Z<23>          |   14.759|
X<16>          |Z<24>          |   14.948|
X<16>          |Z<25>          |   15.852|
X<16>          |Z<26>          |   15.497|
X<16>          |Z<27>          |   16.401|
X<16>          |Z<28>          |   16.397|
X<16>          |Z<29>          |   16.932|
X<16>          |Z<30>          |   16.999|
X<16>          |Z<31>          |   17.932|
X<16>          |overflow       |   15.231|
X<17>          |Z<17>          |   12.509|
X<17>          |Z<18>          |   13.047|
X<17>          |Z<19>          |   12.718|
X<17>          |Z<20>          |   13.582|
X<17>          |Z<21>          |   14.303|
X<17>          |Z<22>          |   14.331|
X<17>          |Z<23>          |   14.769|
X<17>          |Z<24>          |   14.958|
X<17>          |Z<25>          |   15.862|
X<17>          |Z<26>          |   15.507|
X<17>          |Z<27>          |   16.411|
X<17>          |Z<28>          |   16.407|
X<17>          |Z<29>          |   16.942|
X<17>          |Z<30>          |   17.009|
X<17>          |Z<31>          |   17.942|
X<17>          |overflow       |   15.241|
X<18>          |Z<18>          |   12.200|
X<18>          |Z<19>          |   11.552|
X<18>          |Z<20>          |   12.221|
X<18>          |Z<21>          |   12.942|
X<18>          |Z<22>          |   12.970|
X<18>          |Z<23>          |   13.408|
X<18>          |Z<24>          |   13.597|
X<18>          |Z<25>          |   14.501|
X<18>          |Z<26>          |   14.146|
X<18>          |Z<27>          |   15.050|
X<18>          |Z<28>          |   15.046|
X<18>          |Z<29>          |   15.581|
X<18>          |Z<30>          |   15.648|
X<18>          |Z<31>          |   16.581|
X<18>          |overflow       |   13.880|
X<19>          |Z<19>          |   12.384|
X<19>          |Z<20>          |   12.177|
X<19>          |Z<21>          |   12.898|
X<19>          |Z<22>          |   12.926|
X<19>          |Z<23>          |   13.364|
X<19>          |Z<24>          |   13.553|
X<19>          |Z<25>          |   14.457|
X<19>          |Z<26>          |   14.102|
X<19>          |Z<27>          |   15.006|
X<19>          |Z<28>          |   15.002|
X<19>          |Z<29>          |   15.537|
X<19>          |Z<30>          |   15.604|
X<19>          |Z<31>          |   16.537|
X<19>          |overflow       |   13.836|
X<20>          |Z<20>          |   11.848|
X<20>          |Z<21>          |   12.357|
X<20>          |Z<22>          |   12.385|
X<20>          |Z<23>          |   12.823|
X<20>          |Z<24>          |   13.012|
X<20>          |Z<25>          |   13.916|
X<20>          |Z<26>          |   13.561|
X<20>          |Z<27>          |   14.465|
X<20>          |Z<28>          |   14.461|
X<20>          |Z<29>          |   14.996|
X<20>          |Z<30>          |   15.063|
X<20>          |Z<31>          |   15.996|
X<20>          |overflow       |   13.295|
X<21>          |Z<21>          |   12.460|
X<21>          |Z<22>          |   12.488|
X<21>          |Z<23>          |   12.926|
X<21>          |Z<24>          |   13.115|
X<21>          |Z<25>          |   14.019|
X<21>          |Z<26>          |   13.664|
X<21>          |Z<27>          |   14.568|
X<21>          |Z<28>          |   14.564|
X<21>          |Z<29>          |   15.099|
X<21>          |Z<30>          |   15.166|
X<21>          |Z<31>          |   16.099|
X<21>          |overflow       |   13.398|
X<22>          |Z<22>          |   12.710|
X<22>          |Z<23>          |   12.105|
X<22>          |Z<24>          |   12.294|
X<22>          |Z<25>          |   13.198|
X<22>          |Z<26>          |   12.843|
X<22>          |Z<27>          |   13.747|
X<22>          |Z<28>          |   13.743|
X<22>          |Z<29>          |   14.278|
X<22>          |Z<30>          |   14.345|
X<22>          |Z<31>          |   15.278|
X<22>          |overflow       |   12.577|
X<23>          |Z<23>          |   12.237|
X<23>          |Z<24>          |   12.390|
X<23>          |Z<25>          |   13.294|
X<23>          |Z<26>          |   12.939|
X<23>          |Z<27>          |   13.843|
X<23>          |Z<28>          |   13.839|
X<23>          |Z<29>          |   14.374|
X<23>          |Z<30>          |   14.441|
X<23>          |Z<31>          |   15.374|
X<23>          |overflow       |   12.673|
X<24>          |Z<24>          |   11.863|
X<24>          |Z<25>          |   12.239|
X<24>          |Z<26>          |   11.884|
X<24>          |Z<27>          |   12.788|
X<24>          |Z<28>          |   12.784|
X<24>          |Z<29>          |   13.319|
X<24>          |Z<30>          |   13.386|
X<24>          |Z<31>          |   14.319|
X<24>          |overflow       |   11.618|
X<25>          |Z<25>          |   12.351|
X<25>          |Z<26>          |   11.996|
X<25>          |Z<27>          |   12.900|
X<25>          |Z<28>          |   12.896|
X<25>          |Z<29>          |   13.431|
X<25>          |Z<30>          |   13.498|
X<25>          |Z<31>          |   14.431|
X<25>          |overflow       |   11.730|
X<26>          |Z<26>          |   12.656|
X<26>          |Z<27>          |   12.765|
X<26>          |Z<28>          |   12.761|
X<26>          |Z<29>          |   13.296|
X<26>          |Z<30>          |   13.363|
X<26>          |Z<31>          |   14.296|
X<26>          |overflow       |   11.595|
X<27>          |Z<27>          |   12.106|
X<27>          |Z<28>          |   12.092|
X<27>          |Z<29>          |   12.627|
X<27>          |Z<30>          |   12.694|
X<27>          |Z<31>          |   13.627|
X<27>          |overflow       |   10.926|
X<28>          |Z<28>          |   11.975|
X<28>          |Z<29>          |   12.442|
X<28>          |Z<30>          |   12.509|
X<28>          |Z<31>          |   13.442|
X<28>          |overflow       |   10.741|
X<29>          |Z<29>          |   12.257|
X<29>          |Z<30>          |   12.324|
X<29>          |Z<31>          |   13.257|
X<29>          |overflow       |   10.556|
X<30>          |Z<30>          |   11.983|
X<30>          |Z<31>          |   12.439|
X<30>          |overflow       |    9.738|
X<31>          |Z<31>          |   12.203|
X<31>          |overflow       |    9.408|
Y<0>           |Z<0>           |    9.425|
Y<0>           |Z<1>           |   11.266|
Y<0>           |Z<2>           |   10.508|
Y<0>           |Z<3>           |   11.308|
Y<0>           |Z<4>           |   12.049|
Y<0>           |Z<5>           |   11.896|
Y<0>           |Z<6>           |   12.854|
Y<0>           |Z<7>           |   12.934|
Y<0>           |Z<8>           |   13.751|
Y<0>           |Z<9>           |   14.234|
Y<0>           |Z<10>          |   14.392|
Y<0>           |Z<11>          |   14.982|
Y<0>           |Z<12>          |   15.589|
Y<0>           |Z<13>          |   15.136|
Y<0>           |Z<14>          |   15.432|
Y<0>           |Z<15>          |   16.200|
Y<0>           |Z<16>          |   16.144|
Y<0>           |Z<17>          |   17.250|
Y<0>           |Z<18>          |   17.606|
Y<0>           |Z<19>          |   17.277|
Y<0>           |Z<20>          |   18.141|
Y<0>           |Z<21>          |   18.862|
Y<0>           |Z<22>          |   18.890|
Y<0>           |Z<23>          |   19.328|
Y<0>           |Z<24>          |   19.517|
Y<0>           |Z<25>          |   20.421|
Y<0>           |Z<26>          |   20.066|
Y<0>           |Z<27>          |   20.970|
Y<0>           |Z<28>          |   20.966|
Y<0>           |Z<29>          |   21.501|
Y<0>           |Z<30>          |   21.568|
Y<0>           |Z<31>          |   22.501|
Y<0>           |overflow       |   19.800|
Y<1>           |Z<1>           |   11.117|
Y<1>           |Z<2>           |   10.359|
Y<1>           |Z<3>           |   11.159|
Y<1>           |Z<4>           |   11.900|
Y<1>           |Z<5>           |   11.747|
Y<1>           |Z<6>           |   12.705|
Y<1>           |Z<7>           |   12.785|
Y<1>           |Z<8>           |   13.602|
Y<1>           |Z<9>           |   14.085|
Y<1>           |Z<10>          |   14.243|
Y<1>           |Z<11>          |   14.833|
Y<1>           |Z<12>          |   15.440|
Y<1>           |Z<13>          |   14.987|
Y<1>           |Z<14>          |   15.283|
Y<1>           |Z<15>          |   16.051|
Y<1>           |Z<16>          |   15.995|
Y<1>           |Z<17>          |   17.101|
Y<1>           |Z<18>          |   17.457|
Y<1>           |Z<19>          |   17.128|
Y<1>           |Z<20>          |   17.992|
Y<1>           |Z<21>          |   18.713|
Y<1>           |Z<22>          |   18.741|
Y<1>           |Z<23>          |   19.179|
Y<1>           |Z<24>          |   19.368|
Y<1>           |Z<25>          |   20.272|
Y<1>           |Z<26>          |   19.917|
Y<1>           |Z<27>          |   20.821|
Y<1>           |Z<28>          |   20.817|
Y<1>           |Z<29>          |   21.352|
Y<1>           |Z<30>          |   21.419|
Y<1>           |Z<31>          |   22.352|
Y<1>           |overflow       |   19.651|
Y<2>           |Z<2>           |    9.845|
Y<2>           |Z<3>           |   10.394|
Y<2>           |Z<4>           |   10.795|
Y<2>           |Z<5>           |   10.642|
Y<2>           |Z<6>           |   11.600|
Y<2>           |Z<7>           |   11.680|
Y<2>           |Z<8>           |   12.497|
Y<2>           |Z<9>           |   12.980|
Y<2>           |Z<10>          |   13.138|
Y<2>           |Z<11>          |   13.728|
Y<2>           |Z<12>          |   14.335|
Y<2>           |Z<13>          |   13.882|
Y<2>           |Z<14>          |   14.178|
Y<2>           |Z<15>          |   14.946|
Y<2>           |Z<16>          |   14.890|
Y<2>           |Z<17>          |   15.996|
Y<2>           |Z<18>          |   16.352|
Y<2>           |Z<19>          |   16.023|
Y<2>           |Z<20>          |   16.887|
Y<2>           |Z<21>          |   17.608|
Y<2>           |Z<22>          |   17.636|
Y<2>           |Z<23>          |   18.074|
Y<2>           |Z<24>          |   18.263|
Y<2>           |Z<25>          |   19.167|
Y<2>           |Z<26>          |   18.812|
Y<2>           |Z<27>          |   19.716|
Y<2>           |Z<28>          |   19.712|
Y<2>           |Z<29>          |   20.247|
Y<2>           |Z<30>          |   20.314|
Y<2>           |Z<31>          |   21.247|
Y<2>           |overflow       |   18.546|
Y<3>           |Z<3>           |   10.290|
Y<3>           |Z<4>           |   11.123|
Y<3>           |Z<5>           |   10.970|
Y<3>           |Z<6>           |   11.928|
Y<3>           |Z<7>           |   12.008|
Y<3>           |Z<8>           |   12.825|
Y<3>           |Z<9>           |   13.308|
Y<3>           |Z<10>          |   13.466|
Y<3>           |Z<11>          |   14.056|
Y<3>           |Z<12>          |   14.663|
Y<3>           |Z<13>          |   14.210|
Y<3>           |Z<14>          |   14.506|
Y<3>           |Z<15>          |   15.274|
Y<3>           |Z<16>          |   15.218|
Y<3>           |Z<17>          |   16.324|
Y<3>           |Z<18>          |   16.680|
Y<3>           |Z<19>          |   16.351|
Y<3>           |Z<20>          |   17.215|
Y<3>           |Z<21>          |   17.936|
Y<3>           |Z<22>          |   17.964|
Y<3>           |Z<23>          |   18.402|
Y<3>           |Z<24>          |   18.591|
Y<3>           |Z<25>          |   19.495|
Y<3>           |Z<26>          |   19.140|
Y<3>           |Z<27>          |   20.044|
Y<3>           |Z<28>          |   20.040|
Y<3>           |Z<29>          |   20.575|
Y<3>           |Z<30>          |   20.642|
Y<3>           |Z<31>          |   21.575|
Y<3>           |overflow       |   18.874|
Y<4>           |Z<4>           |   10.179|
Y<4>           |Z<5>           |   10.424|
Y<4>           |Z<6>           |   11.204|
Y<4>           |Z<7>           |   11.284|
Y<4>           |Z<8>           |   12.101|
Y<4>           |Z<9>           |   12.584|
Y<4>           |Z<10>          |   12.742|
Y<4>           |Z<11>          |   13.332|
Y<4>           |Z<12>          |   13.939|
Y<4>           |Z<13>          |   13.486|
Y<4>           |Z<14>          |   13.782|
Y<4>           |Z<15>          |   14.550|
Y<4>           |Z<16>          |   14.494|
Y<4>           |Z<17>          |   15.600|
Y<4>           |Z<18>          |   15.956|
Y<4>           |Z<19>          |   15.627|
Y<4>           |Z<20>          |   16.491|
Y<4>           |Z<21>          |   17.212|
Y<4>           |Z<22>          |   17.240|
Y<4>           |Z<23>          |   17.678|
Y<4>           |Z<24>          |   17.867|
Y<4>           |Z<25>          |   18.771|
Y<4>           |Z<26>          |   18.416|
Y<4>           |Z<27>          |   19.320|
Y<4>           |Z<28>          |   19.316|
Y<4>           |Z<29>          |   19.851|
Y<4>           |Z<30>          |   19.918|
Y<4>           |Z<31>          |   20.851|
Y<4>           |overflow       |   18.150|
Y<5>           |Z<5>           |   10.197|
Y<5>           |Z<6>           |   10.647|
Y<5>           |Z<7>           |   10.727|
Y<5>           |Z<8>           |   11.544|
Y<5>           |Z<9>           |   12.027|
Y<5>           |Z<10>          |   12.185|
Y<5>           |Z<11>          |   12.775|
Y<5>           |Z<12>          |   13.382|
Y<5>           |Z<13>          |   12.929|
Y<5>           |Z<14>          |   13.225|
Y<5>           |Z<15>          |   13.993|
Y<5>           |Z<16>          |   13.937|
Y<5>           |Z<17>          |   15.043|
Y<5>           |Z<18>          |   15.399|
Y<5>           |Z<19>          |   15.070|
Y<5>           |Z<20>          |   15.934|
Y<5>           |Z<21>          |   16.655|
Y<5>           |Z<22>          |   16.683|
Y<5>           |Z<23>          |   17.121|
Y<5>           |Z<24>          |   17.310|
Y<5>           |Z<25>          |   18.214|
Y<5>           |Z<26>          |   17.859|
Y<5>           |Z<27>          |   18.763|
Y<5>           |Z<28>          |   18.759|
Y<5>           |Z<29>          |   19.294|
Y<5>           |Z<30>          |   19.361|
Y<5>           |Z<31>          |   20.294|
Y<5>           |overflow       |   17.593|
Y<6>           |Z<6>           |   10.511|
Y<6>           |Z<7>           |   10.939|
Y<6>           |Z<8>           |   11.634|
Y<6>           |Z<9>           |   12.117|
Y<6>           |Z<10>          |   12.275|
Y<6>           |Z<11>          |   12.865|
Y<6>           |Z<12>          |   13.472|
Y<6>           |Z<13>          |   13.019|
Y<6>           |Z<14>          |   13.315|
Y<6>           |Z<15>          |   14.083|
Y<6>           |Z<16>          |   14.027|
Y<6>           |Z<17>          |   15.133|
Y<6>           |Z<18>          |   15.489|
Y<6>           |Z<19>          |   15.160|
Y<6>           |Z<20>          |   16.024|
Y<6>           |Z<21>          |   16.745|
Y<6>           |Z<22>          |   16.773|
Y<6>           |Z<23>          |   17.211|
Y<6>           |Z<24>          |   17.400|
Y<6>           |Z<25>          |   18.304|
Y<6>           |Z<26>          |   17.949|
Y<6>           |Z<27>          |   18.853|
Y<6>           |Z<28>          |   18.849|
Y<6>           |Z<29>          |   19.384|
Y<6>           |Z<30>          |   19.451|
Y<6>           |Z<31>          |   20.384|
Y<6>           |overflow       |   17.683|
Y<7>           |Z<7>           |   10.825|
Y<7>           |Z<8>           |   11.531|
Y<7>           |Z<9>           |   12.014|
Y<7>           |Z<10>          |   12.172|
Y<7>           |Z<11>          |   12.762|
Y<7>           |Z<12>          |   13.369|
Y<7>           |Z<13>          |   12.916|
Y<7>           |Z<14>          |   13.212|
Y<7>           |Z<15>          |   13.980|
Y<7>           |Z<16>          |   13.924|
Y<7>           |Z<17>          |   15.030|
Y<7>           |Z<18>          |   15.386|
Y<7>           |Z<19>          |   15.057|
Y<7>           |Z<20>          |   15.921|
Y<7>           |Z<21>          |   16.642|
Y<7>           |Z<22>          |   16.670|
Y<7>           |Z<23>          |   17.108|
Y<7>           |Z<24>          |   17.297|
Y<7>           |Z<25>          |   18.201|
Y<7>           |Z<26>          |   17.846|
Y<7>           |Z<27>          |   18.750|
Y<7>           |Z<28>          |   18.746|
Y<7>           |Z<29>          |   19.281|
Y<7>           |Z<30>          |   19.348|
Y<7>           |Z<31>          |   20.281|
Y<7>           |overflow       |   17.580|
Y<8>           |Z<8>           |   10.910|
Y<8>           |Z<9>           |   11.366|
Y<8>           |Z<10>          |   11.916|
Y<8>           |Z<11>          |   12.506|
Y<8>           |Z<12>          |   13.113|
Y<8>           |Z<13>          |   12.660|
Y<8>           |Z<14>          |   12.956|
Y<8>           |Z<15>          |   13.724|
Y<8>           |Z<16>          |   13.668|
Y<8>           |Z<17>          |   14.774|
Y<8>           |Z<18>          |   15.130|
Y<8>           |Z<19>          |   14.801|
Y<8>           |Z<20>          |   15.665|
Y<8>           |Z<21>          |   16.386|
Y<8>           |Z<22>          |   16.414|
Y<8>           |Z<23>          |   16.852|
Y<8>           |Z<24>          |   17.041|
Y<8>           |Z<25>          |   17.945|
Y<8>           |Z<26>          |   17.590|
Y<8>           |Z<27>          |   18.494|
Y<8>           |Z<28>          |   18.490|
Y<8>           |Z<29>          |   19.025|
Y<8>           |Z<30>          |   19.092|
Y<8>           |Z<31>          |   20.025|
Y<8>           |overflow       |   17.324|
Y<9>           |Z<9>           |   11.388|
Y<9>           |Z<10>          |   11.918|
Y<9>           |Z<11>          |   12.508|
Y<9>           |Z<12>          |   13.115|
Y<9>           |Z<13>          |   12.662|
Y<9>           |Z<14>          |   12.958|
Y<9>           |Z<15>          |   13.726|
Y<9>           |Z<16>          |   13.670|
Y<9>           |Z<17>          |   14.776|
Y<9>           |Z<18>          |   15.132|
Y<9>           |Z<19>          |   14.803|
Y<9>           |Z<20>          |   15.667|
Y<9>           |Z<21>          |   16.388|
Y<9>           |Z<22>          |   16.416|
Y<9>           |Z<23>          |   16.854|
Y<9>           |Z<24>          |   17.043|
Y<9>           |Z<25>          |   17.947|
Y<9>           |Z<26>          |   17.592|
Y<9>           |Z<27>          |   18.496|
Y<9>           |Z<28>          |   18.492|
Y<9>           |Z<29>          |   19.027|
Y<9>           |Z<30>          |   19.094|
Y<9>           |Z<31>          |   20.027|
Y<9>           |overflow       |   17.326|
Y<10>          |Z<10>          |   10.285|
Y<10>          |Z<11>          |   11.789|
Y<10>          |Z<12>          |   12.396|
Y<10>          |Z<13>          |   11.943|
Y<10>          |Z<14>          |   12.239|
Y<10>          |Z<15>          |   13.007|
Y<10>          |Z<16>          |   12.951|
Y<10>          |Z<17>          |   14.057|
Y<10>          |Z<18>          |   14.413|
Y<10>          |Z<19>          |   14.084|
Y<10>          |Z<20>          |   14.948|
Y<10>          |Z<21>          |   15.669|
Y<10>          |Z<22>          |   15.697|
Y<10>          |Z<23>          |   16.135|
Y<10>          |Z<24>          |   16.324|
Y<10>          |Z<25>          |   17.228|
Y<10>          |Z<26>          |   16.873|
Y<10>          |Z<27>          |   17.777|
Y<10>          |Z<28>          |   17.773|
Y<10>          |Z<29>          |   18.308|
Y<10>          |Z<30>          |   18.375|
Y<10>          |Z<31>          |   19.308|
Y<10>          |overflow       |   16.607|
Y<11>          |Z<11>          |   11.611|
Y<11>          |Z<12>          |   12.761|
Y<11>          |Z<13>          |   12.308|
Y<11>          |Z<14>          |   12.604|
Y<11>          |Z<15>          |   13.372|
Y<11>          |Z<16>          |   13.316|
Y<11>          |Z<17>          |   14.422|
Y<11>          |Z<18>          |   14.778|
Y<11>          |Z<19>          |   14.449|
Y<11>          |Z<20>          |   15.313|
Y<11>          |Z<21>          |   16.034|
Y<11>          |Z<22>          |   16.062|
Y<11>          |Z<23>          |   16.500|
Y<11>          |Z<24>          |   16.689|
Y<11>          |Z<25>          |   17.593|
Y<11>          |Z<26>          |   17.238|
Y<11>          |Z<27>          |   18.142|
Y<11>          |Z<28>          |   18.138|
Y<11>          |Z<29>          |   18.673|
Y<11>          |Z<30>          |   18.740|
Y<11>          |Z<31>          |   19.673|
Y<11>          |overflow       |   16.972|
Y<12>          |Z<12>          |   11.277|
Y<12>          |Z<13>          |   11.647|
Y<12>          |Z<14>          |   11.771|
Y<12>          |Z<15>          |   12.539|
Y<12>          |Z<16>          |   12.483|
Y<12>          |Z<17>          |   13.589|
Y<12>          |Z<18>          |   13.945|
Y<12>          |Z<19>          |   13.616|
Y<12>          |Z<20>          |   14.480|
Y<12>          |Z<21>          |   15.201|
Y<12>          |Z<22>          |   15.229|
Y<12>          |Z<23>          |   15.667|
Y<12>          |Z<24>          |   15.856|
Y<12>          |Z<25>          |   16.760|
Y<12>          |Z<26>          |   16.405|
Y<12>          |Z<27>          |   17.309|
Y<12>          |Z<28>          |   17.305|
Y<12>          |Z<29>          |   17.840|
Y<12>          |Z<30>          |   17.907|
Y<12>          |Z<31>          |   18.840|
Y<12>          |overflow       |   16.139|
Y<13>          |Z<13>          |   11.801|
Y<13>          |Z<14>          |   12.034|
Y<13>          |Z<15>          |   12.802|
Y<13>          |Z<16>          |   12.746|
Y<13>          |Z<17>          |   13.852|
Y<13>          |Z<18>          |   14.208|
Y<13>          |Z<19>          |   13.879|
Y<13>          |Z<20>          |   14.743|
Y<13>          |Z<21>          |   15.464|
Y<13>          |Z<22>          |   15.492|
Y<13>          |Z<23>          |   15.930|
Y<13>          |Z<24>          |   16.119|
Y<13>          |Z<25>          |   17.023|
Y<13>          |Z<26>          |   16.668|
Y<13>          |Z<27>          |   17.572|
Y<13>          |Z<28>          |   17.568|
Y<13>          |Z<29>          |   18.103|
Y<13>          |Z<30>          |   18.170|
Y<13>          |Z<31>          |   19.103|
Y<13>          |overflow       |   16.402|
Y<14>          |Z<14>          |   11.176|
Y<14>          |Z<15>          |   11.599|
Y<14>          |Z<16>          |   11.886|
Y<14>          |Z<17>          |   12.992|
Y<14>          |Z<18>          |   13.348|
Y<14>          |Z<19>          |   13.019|
Y<14>          |Z<20>          |   13.883|
Y<14>          |Z<21>          |   14.604|
Y<14>          |Z<22>          |   14.632|
Y<14>          |Z<23>          |   15.070|
Y<14>          |Z<24>          |   15.259|
Y<14>          |Z<25>          |   16.163|
Y<14>          |Z<26>          |   15.808|
Y<14>          |Z<27>          |   16.712|
Y<14>          |Z<28>          |   16.708|
Y<14>          |Z<29>          |   17.243|
Y<14>          |Z<30>          |   17.310|
Y<14>          |Z<31>          |   18.243|
Y<14>          |overflow       |   15.542|
Y<15>          |Z<15>          |   12.032|
Y<15>          |Z<16>          |   11.826|
Y<15>          |Z<17>          |   12.932|
Y<15>          |Z<18>          |   13.288|
Y<15>          |Z<19>          |   12.959|
Y<15>          |Z<20>          |   13.823|
Y<15>          |Z<21>          |   14.544|
Y<15>          |Z<22>          |   14.572|
Y<15>          |Z<23>          |   15.010|
Y<15>          |Z<24>          |   15.199|
Y<15>          |Z<25>          |   16.103|
Y<15>          |Z<26>          |   15.748|
Y<15>          |Z<27>          |   16.652|
Y<15>          |Z<28>          |   16.648|
Y<15>          |Z<29>          |   17.183|
Y<15>          |Z<30>          |   17.250|
Y<15>          |Z<31>          |   18.183|
Y<15>          |overflow       |   15.482|
Y<16>          |Z<16>          |   11.067|
Y<16>          |Z<17>          |   11.538|
Y<16>          |Z<18>          |   12.515|
Y<16>          |Z<19>          |   12.186|
Y<16>          |Z<20>          |   13.050|
Y<16>          |Z<21>          |   13.771|
Y<16>          |Z<22>          |   13.799|
Y<16>          |Z<23>          |   14.237|
Y<16>          |Z<24>          |   14.426|
Y<16>          |Z<25>          |   15.330|
Y<16>          |Z<26>          |   14.975|
Y<16>          |Z<27>          |   15.879|
Y<16>          |Z<28>          |   15.875|
Y<16>          |Z<29>          |   16.410|
Y<16>          |Z<30>          |   16.477|
Y<16>          |Z<31>          |   17.410|
Y<16>          |overflow       |   14.709|
Y<17>          |Z<17>          |   12.374|
Y<17>          |Z<18>          |   13.229|
Y<17>          |Z<19>          |   12.900|
Y<17>          |Z<20>          |   13.764|
Y<17>          |Z<21>          |   14.485|
Y<17>          |Z<22>          |   14.513|
Y<17>          |Z<23>          |   14.951|
Y<17>          |Z<24>          |   15.140|
Y<17>          |Z<25>          |   16.044|
Y<17>          |Z<26>          |   15.689|
Y<17>          |Z<27>          |   16.593|
Y<17>          |Z<28>          |   16.589|
Y<17>          |Z<29>          |   17.124|
Y<17>          |Z<30>          |   17.191|
Y<17>          |Z<31>          |   18.124|
Y<17>          |overflow       |   15.423|
Y<18>          |Z<18>          |   11.997|
Y<18>          |Z<19>          |   11.867|
Y<18>          |Z<20>          |   11.775|
Y<18>          |Z<21>          |   12.496|
Y<18>          |Z<22>          |   12.524|
Y<18>          |Z<23>          |   12.962|
Y<18>          |Z<24>          |   13.151|
Y<18>          |Z<25>          |   14.055|
Y<18>          |Z<26>          |   13.700|
Y<18>          |Z<27>          |   14.604|
Y<18>          |Z<28>          |   14.600|
Y<18>          |Z<29>          |   15.135|
Y<18>          |Z<30>          |   15.202|
Y<18>          |Z<31>          |   16.135|
Y<18>          |overflow       |   13.434|
Y<19>          |Z<19>          |   11.673|
Y<19>          |Z<20>          |   11.426|
Y<19>          |Z<21>          |   12.147|
Y<19>          |Z<22>          |   12.175|
Y<19>          |Z<23>          |   12.613|
Y<19>          |Z<24>          |   12.802|
Y<19>          |Z<25>          |   13.706|
Y<19>          |Z<26>          |   13.351|
Y<19>          |Z<27>          |   14.255|
Y<19>          |Z<28>          |   14.251|
Y<19>          |Z<29>          |   14.786|
Y<19>          |Z<30>          |   14.853|
Y<19>          |Z<31>          |   15.786|
Y<19>          |overflow       |   13.085|
Y<20>          |Z<20>          |   11.380|
Y<20>          |Z<21>          |   12.338|
Y<20>          |Z<22>          |   12.366|
Y<20>          |Z<23>          |   12.804|
Y<20>          |Z<24>          |   12.993|
Y<20>          |Z<25>          |   13.897|
Y<20>          |Z<26>          |   13.542|
Y<20>          |Z<27>          |   14.446|
Y<20>          |Z<28>          |   14.442|
Y<20>          |Z<29>          |   14.977|
Y<20>          |Z<30>          |   15.044|
Y<20>          |Z<31>          |   15.977|
Y<20>          |overflow       |   13.276|
Y<21>          |Z<21>          |   12.657|
Y<21>          |Z<22>          |   12.685|
Y<21>          |Z<23>          |   13.123|
Y<21>          |Z<24>          |   13.312|
Y<21>          |Z<25>          |   14.216|
Y<21>          |Z<26>          |   13.861|
Y<21>          |Z<27>          |   14.765|
Y<21>          |Z<28>          |   14.761|
Y<21>          |Z<29>          |   15.296|
Y<21>          |Z<30>          |   15.363|
Y<21>          |Z<31>          |   16.296|
Y<21>          |overflow       |   13.595|
Y<22>          |Z<22>          |   12.247|
Y<22>          |Z<23>          |   11.439|
Y<22>          |Z<24>          |   11.628|
Y<22>          |Z<25>          |   12.532|
Y<22>          |Z<26>          |   12.177|
Y<22>          |Z<27>          |   13.081|
Y<22>          |Z<28>          |   13.077|
Y<22>          |Z<29>          |   13.612|
Y<22>          |Z<30>          |   13.679|
Y<22>          |Z<31>          |   14.612|
Y<22>          |overflow       |   11.911|
Y<23>          |Z<23>          |   11.778|
Y<23>          |Z<24>          |   11.967|
Y<23>          |Z<25>          |   12.871|
Y<23>          |Z<26>          |   12.516|
Y<23>          |Z<27>          |   13.420|
Y<23>          |Z<28>          |   13.416|
Y<23>          |Z<29>          |   13.951|
Y<23>          |Z<30>          |   14.018|
Y<23>          |Z<31>          |   14.951|
Y<23>          |overflow       |   12.250|
Y<24>          |Z<24>          |   11.582|
Y<24>          |Z<25>          |   12.016|
Y<24>          |Z<26>          |   11.661|
Y<24>          |Z<27>          |   12.565|
Y<24>          |Z<28>          |   12.561|
Y<24>          |Z<29>          |   13.096|
Y<24>          |Z<30>          |   13.163|
Y<24>          |Z<31>          |   14.096|
Y<24>          |overflow       |   11.395|
Y<25>          |Z<25>          |   12.194|
Y<25>          |Z<26>          |   11.839|
Y<25>          |Z<27>          |   12.743|
Y<25>          |Z<28>          |   12.739|
Y<25>          |Z<29>          |   13.274|
Y<25>          |Z<30>          |   13.341|
Y<25>          |Z<31>          |   14.274|
Y<25>          |overflow       |   11.573|
Y<26>          |Z<26>          |   11.890|
Y<26>          |Z<27>          |   12.046|
Y<26>          |Z<28>          |   12.042|
Y<26>          |Z<29>          |   12.577|
Y<26>          |Z<30>          |   12.644|
Y<26>          |Z<31>          |   13.577|
Y<26>          |overflow       |   10.876|
Y<27>          |Z<27>          |   11.764|
Y<27>          |Z<28>          |   11.760|
Y<27>          |Z<29>          |   12.295|
Y<27>          |Z<30>          |   12.362|
Y<27>          |Z<31>          |   13.295|
Y<27>          |overflow       |   10.594|
Y<28>          |Z<28>          |   11.475|
Y<28>          |Z<29>          |   12.074|
Y<28>          |Z<30>          |   12.141|
Y<28>          |Z<31>          |   13.074|
Y<28>          |overflow       |   10.373|
Y<29>          |Z<29>          |   11.706|
Y<29>          |Z<30>          |   11.633|
Y<29>          |Z<31>          |   12.566|
Y<29>          |overflow       |    9.865|
Y<30>          |Z<30>          |   10.103|
Y<30>          |Z<31>          |   10.342|
Y<30>          |overflow       |    7.641|
Y<31>          |Z<31>          |   10.969|
Y<31>          |overflow       |    8.268|
op_code<0>     |Z<0>           |   11.589|
op_code<0>     |Z<1>           |   12.006|
op_code<0>     |Z<2>           |   11.697|
op_code<0>     |Z<3>           |   13.593|
op_code<0>     |Z<4>           |   11.976|
op_code<0>     |Z<5>           |   13.972|
op_code<0>     |Z<6>           |   12.359|
op_code<0>     |Z<7>           |   13.786|
op_code<0>     |Z<8>           |   12.652|
op_code<0>     |Z<9>           |   13.840|
op_code<0>     |Z<10>          |   11.902|
op_code<0>     |Z<11>          |   14.357|
op_code<0>     |Z<12>          |   12.812|
op_code<0>     |Z<13>          |   14.024|
op_code<0>     |Z<14>          |   12.430|
op_code<0>     |Z<15>          |   13.965|
op_code<0>     |Z<16>          |   12.870|
op_code<0>     |Z<17>          |   14.309|
op_code<0>     |Z<18>          |   12.857|
op_code<0>     |Z<19>          |   13.854|
op_code<0>     |Z<20>          |   11.781|
op_code<0>     |Z<21>          |   12.289|
op_code<0>     |Z<22>          |   12.525|
op_code<0>     |Z<23>          |   11.905|
op_code<0>     |Z<24>          |   12.176|
op_code<0>     |Z<25>          |   12.210|
op_code<0>     |Z<26>          |   12.502|
op_code<0>     |Z<27>          |   11.664|
op_code<0>     |Z<28>          |   12.584|
op_code<0>     |Z<29>          |   12.162|
op_code<0>     |Z<30>          |   12.170|
op_code<0>     |Z<31>          |   12.535|
op_code<1>     |Z<0>           |   14.894|
op_code<1>     |Z<1>           |   15.460|
op_code<1>     |Z<2>           |   15.899|
op_code<1>     |Z<3>           |   16.493|
op_code<1>     |Z<4>           |   16.156|
op_code<1>     |Z<5>           |   16.872|
op_code<1>     |Z<6>           |   16.661|
op_code<1>     |Z<7>           |   16.720|
op_code<1>     |Z<8>           |   15.618|
op_code<1>     |Z<9>           |   16.740|
op_code<1>     |Z<10>          |   15.425|
op_code<1>     |Z<11>          |   17.257|
op_code<1>     |Z<12>          |   16.783|
op_code<1>     |Z<13>          |   16.924|
op_code<1>     |Z<14>          |   15.595|
op_code<1>     |Z<15>          |   16.865|
op_code<1>     |Z<16>          |   15.971|
op_code<1>     |Z<17>          |   17.209|
op_code<1>     |Z<18>          |   16.492|
op_code<1>     |Z<19>          |   16.754|
op_code<1>     |Z<20>          |   15.454|
op_code<1>     |Z<21>          |   16.532|
op_code<1>     |Z<22>          |   14.932|
op_code<1>     |Z<23>          |   14.741|
op_code<1>     |Z<24>          |   14.142|
op_code<1>     |Z<25>          |   14.763|
op_code<1>     |Z<26>          |   13.742|
op_code<1>     |Z<27>          |   14.544|
op_code<1>     |Z<28>          |   13.221|
op_code<1>     |Z<29>          |   14.740|
op_code<1>     |Z<30>          |   12.354|
op_code<1>     |Z<31>          |   12.988|
op_code<2>     |Z<0>           |   14.798|
op_code<2>     |Z<1>           |   15.707|
op_code<2>     |Z<2>           |   15.588|
op_code<2>     |Z<3>           |   16.687|
op_code<2>     |Z<4>           |   15.978|
op_code<2>     |Z<5>           |   17.110|
op_code<2>     |Z<6>           |   16.827|
op_code<2>     |Z<7>           |   16.981|
op_code<2>     |Z<8>           |   15.915|
op_code<2>     |Z<9>           |   16.934|
op_code<2>     |Z<10>          |   15.959|
op_code<2>     |Z<11>          |   17.451|
op_code<2>     |Z<12>          |   16.798|
op_code<2>     |Z<13>          |   17.118|
op_code<2>     |Z<14>          |   16.139|
op_code<2>     |Z<15>          |   17.059|
op_code<2>     |Z<16>          |   15.546|
op_code<2>     |Z<17>          |   17.403|
op_code<2>     |Z<18>          |   16.705|
op_code<2>     |Z<19>          |   16.948|
op_code<2>     |Z<20>          |   15.224|
op_code<2>     |Z<21>          |   16.333|
op_code<2>     |Z<22>          |   13.735|
op_code<2>     |Z<23>          |   15.108|
op_code<2>     |Z<24>          |   13.534|
op_code<2>     |Z<25>          |   14.989|
op_code<2>     |Z<26>          |   12.816|
op_code<2>     |Z<27>          |   14.346|
op_code<2>     |Z<28>          |   12.900|
op_code<2>     |Z<29>          |   14.878|
op_code<2>     |Z<30>          |   11.597|
op_code<2>     |Z<31>          |   12.751|
op_code<3>     |Z<0>           |   14.457|
op_code<3>     |Z<1>           |   14.430|
op_code<3>     |Z<2>           |   14.630|
op_code<3>     |Z<3>           |   15.480|
op_code<3>     |Z<4>           |   15.209|
op_code<3>     |Z<5>           |   15.350|
op_code<3>     |Z<6>           |   15.086|
op_code<3>     |Z<7>           |   15.227|
op_code<3>     |Z<8>           |   15.125|
op_code<3>     |Z<9>           |   15.376|
op_code<3>     |Z<10>          |   14.277|
op_code<3>     |Z<11>          |   15.750|
op_code<3>     |Z<12>          |   15.475|
op_code<3>     |Z<13>          |   15.755|
op_code<3>     |Z<14>          |   15.072|
op_code<3>     |Z<15>          |   15.547|
op_code<3>     |Z<16>          |   15.223|
op_code<3>     |Z<17>          |   15.596|
op_code<3>     |Z<18>          |   15.327|
op_code<3>     |Z<19>          |   15.411|
op_code<3>     |Z<20>          |   14.522|
op_code<3>     |Z<21>          |   14.650|
op_code<3>     |Z<22>          |   14.666|
op_code<3>     |Z<23>          |   14.069|
op_code<3>     |Z<24>          |   14.072|
op_code<3>     |Z<25>          |   14.001|
op_code<3>     |Z<26>          |   13.806|
op_code<3>     |Z<27>          |   14.168|
op_code<3>     |Z<28>          |   13.730|
op_code<3>     |Z<29>          |   13.818|
op_code<3>     |Z<30>          |   13.879|
op_code<3>     |Z<31>          |   13.894|
---------------+---------------+---------+


Analysis completed Thu Sep 22 23:21:42 2016 
--------------------------------------------------------------------------------

Trace Settings:
-------------------------
Trace Settings 

Peak Memory Usage: 185 MB



